<html>
<body>
<pre>
<h1>礦ision Build Log</h1>
<h2>Tool Versions:</h2>
IDE-Version: μVision V5.38.0.0
Copyright (C) 2022 ARM Ltd and ARM Germany GmbH. All rights reserved.
License Information: 1 seanyoung0808@gmail.com, 1, LIC=TIVNB-2DDRK-GKZBG-VNI9W-HBEKZ-CWEW5
 
Tool Versions:
Toolchain:       MDK-ARM Plus  Version: 5.38.0.0
Toolchain Path:  D:\Keil_v5\ARM\ARMCC\Bin
C Compiler:      Armcc.exe V5.06 update 7 (build 960)
Assembler:       Armasm.exe V5.06 update 7 (build 960)
Linker/Locator:  ArmLink.exe V5.06 update 7 (build 960)
Library Manager: ArmAr.exe V5.06 update 7 (build 960)
Hex Converter:   FromElf.exe V5.06 update 7 (build 960)
CPU DLL:         SARMCM3.DLL V5.38.0.0
Dialog DLL:      DCM.DLL V1.17.5.0
Target DLL:      STLink\ST-LINKIII-KEIL_SWO.dll V3.1.0.0
Dialog DLL:      TCM.DLL V1.56.4.0
 
<h2>Project:</h2>
e:\STM32工具包\STM32项目\P01_item\P01_item.uvprojx
Project File Date:  06/03/2026

<h2>Output:</h2>
*** Using Compiler 'V5.06 update 7 (build 960)', folder: 'D:\Keil_v5\ARM\ARMCC\Bin'
Rebuild target 'Target 1'
assembling startup_stm32f10x_hd.s...
compiling Delay.c...
compiling main.c...
compiling system_stm32f10x.c...
compiling App_Display.c...
compiling App_Water_level.c...
compiling App_TDS.c...
compiling core_cm3.c...
compiling Inf_W25Q32.c...
compiling Inf_water_level.c...
compiling Inf_ADS1115.c...
compiling Driver_usart1.c...
compiling Driver_FSMC.c...
compiling Driver_LCD_FSMC.c...
compiling Driver_GPIO.c...
compiling Driver_SPI.c...
compiling Driver_LCD.c...
compiling Debug .c...
compiling Driver_IIC.c...
linking...
.\Objects\P36_FSMC_register.axf: Warning: L6480W: Disabling string merging for main.o(.conststring). Relocated MOVT referring to string .conststring has a non-zero addend, which is not supported.
.\Objects\P36_FSMC_register.axf: Warning: L6480W: Disabling string merging for app_water_level.o(.conststring). Relocated MOVT referring to string .conststring has a non-zero addend, which is not supported.
Program Size: Code=11096 RO-data=234888 RW-data=28 ZI-data=2180  
Finished: 0 information, 2 warning and 0 error messages.
FromELF: creating hex file...
".\Objects\P36_FSMC_register.axf" - 0 Error(s), 2 Warning(s).

<h2>Software Packages used:</h2>

Package Vendor: Keil
                https://www.keil.com/pack/Keil.STM32F1xx_DFP.2.4.1.pack
                Keil.STM32F1xx_DFP.2.4.1
                STMicroelectronics STM32F1 Series Device Support, Drivers and Examples

<h2>Collection of Component include folders:</h2>
  D:/Keil_v5/ARM/Packs/Keil/STM32F1xx_DFP/2.4.1/Device/Include

<h2>Collection of Component Files used:</h2>
Build Time Elapsed:  00:00:02
</pre>
</body>
</html>
