Component: ARM Compiler 5.06 update 7 (build 960) Tool: armlink [4d3601]

==============================================================================

Section Cross References

    startup_stm32f10x_hd.o(RESET) refers to startup_stm32f10x_hd.o(STACK) for __initial_sp
    startup_stm32f10x_hd.o(RESET) refers to startup_stm32f10x_hd.o(.text) for Reset_Handler
    startup_stm32f10x_hd.o(.text) refers to system_stm32f10x.o(i.SystemInit) for SystemInit
    startup_stm32f10x_hd.o(.text) refers to entry.o(.ARM.Collect$$$$00000000) for __main
    system_stm32f10x.o(i.SetSysClock) refers to system_stm32f10x.o(i.SetSysClockTo72) for SetSysClockTo72
    system_stm32f10x.o(i.SystemCoreClockUpdate) refers to system_stm32f10x.o(.data) for SystemCoreClock
    system_stm32f10x.o(i.SystemInit) refers to system_stm32f10x.o(i.SetSysClock) for SetSysClock
    main.o(i.main) refers to main.o(.conststring) for .conststring
    main.o(i.main) refers to app_display.o(i.App_Display_Init) for App_Display_Init
    main.o(i.main) refers to app_display.o(i.App_Display_Back) for App_Display_Back
    main.o(i.main) refers to debug .o(i.Debug_init) for Debug_init
    main.o(i.main) refers to app_tds.o(i.App_TDS_Init) for App_TDS_Init
    main.o(i.main) refers to printfa.o(i.__0printf) for __2printf
    main.o(i.main) refers to delay.o(i.Delay_ms) for Delay_ms
    main.o(i.main) refers to inf_ads1115.o(i.Inf_ADS1115_ReadV) for Inf_ADS1115_ReadV
    main.o(i.main) refers to app_water_level.o(i.App_Water_Level_Init) for App_Water_Level_Init
    main.o(i.main) refers to memseta.o(.text) for __aeabi_memclr4
    main.o(i.main) refers to app_water_level.o(i.App_Water_Level_depth) for App_Water_Level_depth
    main.o(i.main) refers to printfa.o(i.__0sprintf) for __2sprintf
    main.o(i.main) refers to app_display.o(i.App_Display_ASCII) for App_Display_ASCII
    main.o(i.main) refers to cdrcmple.o(.text) for __aeabi_cdrcmple
    main.o(i.main) refers to app_tds.o(i.App_TDS_Read) for App_TDS_Read
    delay.o(i.Delay_ms) refers to delay.o(i.Delay_us) for Delay_us
    delay.o(i.Delay_s) refers to delay.o(i.Delay_ms) for Delay_ms
    app_display.o(i.App_Display_ASCII) refers to driver_lcd.o(i.Inf_LCD_WriteASCLLString) for Inf_LCD_WriteASCLLString
    app_display.o(i.App_Display_Back) refers to driver_lcd.o(i.Inf_LCD_CleanAll) for Inf_LCD_CleanAll
    app_display.o(i.App_Display_Back) refers to driver_lcd.o(i.Inf_LCD_Logo) for Inf_LCD_Logo
    app_display.o(i.App_Display_Back) refers to driver_lcd.o(i.Inf_LCD_Chinese) for Inf_LCD_Chinese
    app_display.o(i.App_Display_Clean) refers to driver_lcd.o(i.Inf_LCD_SetArea) for Inf_LCD_SetArea
    app_display.o(i.App_Display_Clean) refers to driver_lcd.o(i.Inf_LCD_FillColor) for Inf_LCD_FillColor
    app_display.o(i.App_Display_Init) refers to driver_lcd.o(i.Driver_LCD_Init) for Driver_LCD_Init
    app_water_level.o(i.App_Water_Level_Init) refers to inf_water_level.o(i.Inf_Water_Level_Init) for Inf_Water_Level_Init
    app_water_level.o(i.App_Water_Level_Init) refers to inf_w25q32.o(i.INF_W25Q32_Init) for INF_W25Q32_Init
    app_water_level.o(i.App_Water_Level_Init) refers to app_water_level.o(i.App_Water_Level_calibrate) for App_Water_Level_calibrate
    app_water_level.o(i.App_Water_Level_calibrate) refers to app_water_level.o(.data) for kb_len
    app_water_level.o(i.App_Water_Level_calibrate) refers to app_water_level.o(.bss) for kb_buff
    app_water_level.o(i.App_Water_Level_calibrate) refers to app_water_level.o(.conststring) for .conststring
    app_water_level.o(i.App_Water_Level_calibrate) refers to inf_w25q32.o(i.INF_W25Q32_ReadData) for INF_W25Q32_ReadData
    app_water_level.o(i.App_Water_Level_calibrate) refers to strtok.o(.text) for strtok
    app_water_level.o(i.App_Water_Level_calibrate) refers to printfa.o(i.__0printf) for __2printf
    app_water_level.o(i.App_Water_Level_calibrate) refers to strtod.o(i.strtod) for strtod
    app_water_level.o(i.App_Water_Level_calibrate) refers to app_display.o(i.App_Display_ASCII) for App_Display_ASCII
    app_water_level.o(i.App_Water_Level_calibrate) refers to delay.o(i.Delay_s) for Delay_s
    app_water_level.o(i.App_Water_Level_calibrate) refers to app_display.o(i.App_Display_Clean) for App_Display_Clean
    app_water_level.o(i.App_Water_Level_calibrate) refers to driver_gpio.o(i.Driver_GPIO_key1press) for Driver_GPIO_key1press
    app_water_level.o(i.App_Water_Level_calibrate) refers to inf_water_level.o(i.Inf_Water_Level_ReadV) for Inf_Water_Level_ReadV
    app_water_level.o(i.App_Water_Level_calibrate) refers to dflti.o(.text) for __aeabi_i2d
    app_water_level.o(i.App_Water_Level_calibrate) refers to ddiv.o(.text) for __aeabi_ddiv
    app_water_level.o(i.App_Water_Level_calibrate) refers to printfa.o(i.__0snprintf) for __2snprintf
    app_water_level.o(i.App_Water_Level_calibrate) refers to strlen.o(.text) for strlen
    app_water_level.o(i.App_Water_Level_calibrate) refers to inf_w25q32.o(i.INF_W25Q32_SectorErase) for INF_W25Q32_SectorErase
[...]
    printf1.o(i.__0printf$1) refers to stdout.o(.data) for __stdout
    printf1.o(i.__0snprintf$1) refers to printf1.o(i._printf_core) for _printf_core
    printf1.o(i.__0snprintf$1) refers to printf1.o(i._snputc) for _snputc
    printf1.o(i.__0sprintf$1) refers to printf1.o(i._printf_core) for _printf_core
    printf1.o(i.__0sprintf$1) refers to printf1.o(i._sputc) for _sputc
    printf1.o(i.__0vfprintf$1) refers to printf1.o(i._printf_core) for _printf_core
    printf1.o(i.__0vfprintf$1) refers to driver_usart1.o(i.fputc) for fputc
    printf1.o(i.__0vprintf$1) refers to printf1.o(i._printf_core) for _printf_core
    printf1.o(i.__0vprintf$1) refers to driver_usart1.o(i.fputc) for fputc
    printf1.o(i.__0vprintf$1) refers to stdout.o(.data) for __stdout
    printf1.o(i.__0vsnprintf$1) refers to printf1.o(i._printf_core) for _printf_core
    printf1.o(i.__0vsnprintf$1) refers to printf1.o(i._snputc) for _snputc
    printf1.o(i.__0vsprintf$1) refers to printf1.o(i._printf_core) for _printf_core
    printf1.o(i.__0vsprintf$1) refers to printf1.o(i._sputc) for _sputc
    printf1.o(i._printf_core) refers to uidiv.o(.text) for __aeabi_uidivmod
    printf2.o(i.__0fprintf$2) refers to printf2.o(i._printf_core) for _printf_core
    printf2.o(i.__0fprintf$2) refers to driver_usart1.o(i.fputc) for fputc
    printf2.o(i.__0printf$2) refers to printf2.o(i._printf_core) for _printf_core
    printf2.o(i.__0printf$2) refers to driver_usart1.o(i.fputc) for fputc
    printf2.o(i.__0printf$2) refers to stdout.o(.data) for __stdout
    printf2.o(i.__0snprintf$2) refers to printf2.o(i._printf_core) for _printf_core
    printf2.o(i.__0snprintf$2) refers to printf2.o(i._snputc) for _snputc
    printf2.o(i.__0sprintf$2) refers to printf2.o(i._printf_core) for _printf_core
    printf2.o(i.__0sprintf$2) refers to printf2.o(i._sputc) for _sputc
    printf2.o(i.__0vfprintf$2) refers to printf2.o(i._printf_core) for _printf_core
    printf2.o(i.__0vfprintf$2) refers to driver_usart1.o(i.fputc) for fputc
    printf2.o(i.__0vprintf$2) refers to printf2.o(i._printf_core) for _printf_core
    printf2.o(i.__0vprintf$2) refers to driver_usart1.o(i.fputc) for fputc
    printf2.o(i.__0vprintf$2) refers to stdout.o(.data) for __stdout
    printf2.o(i.__0vsnprintf$2) refers to printf2.o(i._printf_core) for _printf_core
    printf2.o(i.__0vsnprintf$2) refers to printf2.o(i._snputc) for _snputc
    printf2.o(i.__0vsprintf$2) refers to printf2.o(i._printf_core) for _printf_core
    printf2.o(i.__0vsprintf$2) refers to printf2.o(i._sputc) for _sputc
    printf3.o(i.__0fprintf$3) refers to printf3.o(i._printf_core) for _printf_core
    printf3.o(i.__0fprintf$3) refers to driver_usart1.o(i.fputc) for fputc
    printf3.o(i.__0printf$3) refers to printf3.o(i._printf_core) for _printf_core
    printf3.o(i.__0printf$3) refers to driver_usart1.o(i.fputc) for fputc
    printf3.o(i.__0printf$3) refers to stdout.o(.data) for __stdout
    printf3.o(i.__0snprintf$3) refers to printf3.o(i._printf_core) for _printf_core
    printf3.o(i.__0snprintf$3) refers to printf3.o(i._snputc) for _snputc
    printf3.o(i.__0sprintf$3) refers to printf3.o(i._printf_core) for _printf_core
    printf3.o(i.__0sprintf$3) refers to printf3.o(i._sputc) for _sputc
    printf3.o(i.__0vfprintf$3) refers to printf3.o(i._printf_core) for _printf_core
    printf3.o(i.__0vfprintf$3) refers to driver_usart1.o(i.fputc) for fputc
    printf3.o(i.__0vprintf$3) refers to printf3.o(i._printf_core) for _printf_core
    printf3.o(i.__0vprintf$3) refers to driver_usart1.o(i.fputc) for fputc
    printf3.o(i.__0vprintf$3) refers to stdout.o(.data) for __stdout
    printf3.o(i.__0vsnprintf$3) refers to printf3.o(i._printf_core) for _printf_core
    printf3.o(i.__0vsnprintf$3) refers to printf3.o(i._snputc) for _snputc
    printf3.o(i.__0vsprintf$3) refers to printf3.o(i._printf_core) for _printf_core
    printf3.o(i.__0vsprintf$3) refers to printf3.o(i._sputc) for _sputc
    printf3.o(i._printf_core) refers to uidiv.o(.text) for __aeabi_uidivmod
    printf4.o(i.__0fprintf$4) refers to printf4.o(i._printf_core) for _printf_core
    printf4.o(i.__0fprintf$4) refers to driver_usart1.o(i.fputc) for fputc
    printf4.o(i.__0printf$4) refers to printf4.o(i._printf_core) for _printf_core
    printf4.o(i.__0printf$4) refers to driver_usart1.o(i.fputc) for fputc
    printf4.o(i.__0printf$4) refers to stdout.o(.data) for __stdout
    printf4.o(i.__0snprintf$4) refers to printf4.o(i._printf_core) for _printf_core
    printf4.o(i.__0snprintf$4) refers to printf4.o(i._snputc) for _snputc
    printf4.o(i.__0sprintf$4) refers to printf4.o(i._printf_core) for _printf_core
    printf4.o(i.__0sprintf$4) refers to printf4.o(i._sputc) for _sputc
    printf4.o(i.__0vfprintf$4) refers to printf4.o(i._printf_core) for _printf_core
    printf4.o(i.__0vfprintf$4) refers to driver_usart1.o(i.fputc) for fputc
    printf4.o(i.__0vprintf$4) refers to printf4.o(i._printf_core) for _printf_core
    printf4.o(i.__0vprintf$4) refers to driver_usart1.o(i.fputc) for fputc
    printf4.o(i.__0vprintf$4) refers to stdout.o(.data) for __stdout
    printf4.o(i.__0vsnprintf$4) refers to printf4.o(i._printf_core) for _printf_core
    printf4.o(i.__0vsnprintf$4) refers to printf4.o(i._snputc) for _snputc
    printf4.o(i.__0vsprintf$4) refers to printf4.o(i._printf_core) for _printf_core
    printf4.o(i.__0vsprintf$4) refers to printf4.o(i._sputc) for _sputc
    printf4.o(i._printf_core) refers to uldiv.o(.text) for __aeabi_uldivmod
    printf5.o(i.__0fprintf$5) refers to printf5.o(i._printf_core) for _printf_core
    printf5.o(i.__0fprintf$5) refers to driver_usart1.o(i.fputc) for fputc
    printf5.o(i.__0printf$5) refers to printf5.o(i._printf_core) for _printf_core
    printf5.o(i.__0printf$5) refers to driver_usart1.o(i.fputc) for fputc
    printf5.o(i.__0printf$5) refers to stdout.o(.data) for __stdout
    printf5.o(i.__0snprintf$5) refers to printf5.o(i._printf_core) for _printf_core
    printf5.o(i.__0snprintf$5) refers to printf5.o(i._snputc) for _snputc
    printf5.o(i.__0sprintf$5) refers to printf5.o(i._printf_core) for _printf_core
    printf5.o(i.__0sprintf$5) refers to printf5.o(i._sputc) for _sputc
    printf5.o(i.__0vfprintf$5) refers to printf5.o(i._printf_core) for _printf_core
    printf5.o(i.__0vfprintf$5) refers to driver_usart1.o(i.fputc) for fputc
    printf5.o(i.__0vprintf$5) refers to printf5.o(i._printf_core) for _printf_core
    printf5.o(i.__0vprintf$5) refers to driver_usart1.o(i.fputc) for fputc
    printf5.o(i.__0vprintf$5) refers to stdout.o(.data) for __stdout
    printf5.o(i.__0vsnprintf$5) refers to printf5.o(i._printf_core) for _printf_core
    printf5.o(i.__0vsnprintf$5) refers to printf5.o(i._snputc) for _snputc
    printf5.o(i.__0vsprintf$5) refers to printf5.o(i._printf_core) for _printf_core
    printf5.o(i.__0vsprintf$5) refers to printf5.o(i._sputc) for _sputc
    printf5.o(i._printf_core) refers to uldiv.o(.text) for __aeabi_uldivmod
    printf6.o(i.__0fprintf$6) refers to printf6.o(i._printf_core) for _printf_core
    printf6.o(i.__0fprintf$6) refers to driver_usart1.o(i.fputc) for fputc
    printf6.o(i.__0printf$6) refers to printf6.o(i._printf_core) for _printf_core
    printf6.o(i.__0printf$6) refers to driver_usart1.o(i.fputc) for fputc
    printf6.o(i.__0printf$6) refers to stdout.o(.data) for __stdout
    printf6.o(i.__0snprintf$6) refers to printf6.o(i._printf_core) for _printf_core
    printf6.o(i.__0snprintf$6) refers to printf6.o(i._snputc) for _snputc
    printf6.o(i.__0sprintf$6) refers to printf6.o(i._printf_core) for _printf_core
    printf6.o(i.__0sprintf$6) refers to printf6.o(i._sputc) for _sputc
    printf6.o(i.__0vfprintf$6) refers to printf6.o(i._printf_core) for _printf_core
    printf6.o(i.__0vfprintf$6) refers to driver_usart1.o(i.fputc) for fputc
    printf6.o(i.__0vprintf$6) refers to printf6.o(i._printf_core) for _printf_core
    printf6.o(i.__0vprintf$6) refers to driver_usart1.o(i.fputc) for fputc
    printf6.o(i.__0vprintf$6) refers to stdout.o(.data) for __stdout
    printf6.o(i.__0vsnprintf$6) refers to printf6.o(i._printf_core) for _printf_core
    printf6.o(i.__0vsnprintf$6) refers to printf6.o(i._snputc) for _snputc
    printf6.o(i.__0vsprintf$6) refers to printf6.o(i._printf_core) for _printf_core
    printf6.o(i.__0vsprintf$6) refers to printf6.o(i._sputc) for _sputc
    printf6.o(i._printf_core) refers to printf6.o(i._printf_pre_padding) for _printf_pre_padding
    printf6.o(i._printf_core) refers to uidiv.o(.text) for __aeabi_uidivmod
    printf6.o(i._printf_core) refers to printf6.o(i._printf_post_padding) for _printf_post_padding
    printf7.o(i.__0fprintf$7) refers to printf7.o(i._printf_core) for _printf_core
    printf7.o(i.__0fprintf$7) refers to driver_usart1.o(i.fputc) for fputc
    printf7.o(i.__0printf$7) refers to printf7.o(i._printf_core) for _printf_core
    printf7.o(i.__0printf$7) refers to driver_usart1.o(i.fputc) for fputc
    printf7.o(i.__0printf$7) refers to stdout.o(.data) for __stdout
    printf7.o(i.__0snprintf$7) refers to printf7.o(i._printf_core) for _printf_core
    printf7.o(i.__0snprintf$7) refers to printf7.o(i._snputc) for _snputc
    printf7.o(i.__0sprintf$7) refers to printf7.o(i._printf_core) for _printf_core
    printf7.o(i.__0sprintf$7) refers to printf7.o(i._sputc) for _sputc
    printf7.o(i.__0vfprintf$7) refers to printf7.o(i._printf_core) for _printf_core
    printf7.o(i.__0vfprintf$7) refers to driver_usart1.o(i.fputc) for fputc
    printf7.o(i.__0vprintf$7) refers to printf7.o(i._printf_core) for _printf_core
    printf7.o(i.__0vprintf$7) refers to driver_usart1.o(i.fputc) for fputc
    printf7.o(i.__0vprintf$7) refers to stdout.o(.data) for __stdout
    printf7.o(i.__0vsnprintf$7) refers to printf7.o(i._printf_core) for _printf_core
    printf7.o(i.__0vsnprintf$7) refers to printf7.o(i._snputc) for _snputc
    printf7.o(i.__0vsprintf$7) refers to printf7.o(i._printf_core) for _printf_core
    printf7.o(i.__0vsprintf$7) refers to printf7.o(i._sputc) for _sputc
    printf7.o(i._printf_core) refers to printf7.o(i._printf_pre_padding) for _printf_pre_padding
    printf7.o(i._printf_core) refers to uldiv.o(.text) for __aeabi_uldivmod
    printf7.o(i._printf_core) refers to printf7.o(i._printf_post_padding) for _printf_post_padding
    printf8.o(i.__0fprintf$8) refers to printf8.o(i._printf_core) for _printf_core
    printf8.o(i.__0fprintf$8) refers to driver_usart1.o(i.fputc) for fputc
    printf8.o(i.__0printf$8) refers to printf8.o(i._printf_core) for _printf_core
    printf8.o(i.__0printf$8) refers to driver_usart1.o(i.fputc) for fputc
    printf8.o(i.__0printf$8) refers to stdout.o(.data) for __stdout
    printf8.o(i.__0snprintf$8) refers to printf8.o(i._printf_core) for _printf_core
    printf8.o(i.__0snprintf$8) refers to printf8.o(i._snputc) for _snputc
    printf8.o(i.__0sprintf$8) refers to printf8.o(i._printf_core) for _printf_core
    printf8.o(i.__0sprintf$8) refers to printf8.o(i._sputc) for _sputc
    printf8.o(i.__0vfprintf$8) refers to printf8.o(i._printf_core) for _printf_core
    printf8.o(i.__0vfprintf$8) refers to driver_usart1.o(i.fputc) for fputc
    printf8.o(i.__0vprintf$8) refers to printf8.o(i._printf_core) for _printf_core
    printf8.o(i.__0vprintf$8) refers to driver_usart1.o(i.fputc) for fputc
    printf8.o(i.__0vprintf$8) refers to stdout.o(.data) for __stdout
    printf8.o(i.__0vsnprintf$8) refers to printf8.o(i._printf_core) for _printf_core
    printf8.o(i.__0vsnprintf$8) refers to printf8.o(i._snputc) for _snputc
    printf8.o(i.__0vsprintf$8) refers to printf8.o(i._printf_core) for _printf_core
    printf8.o(i.__0vsprintf$8) refers to printf8.o(i._sputc) for _sputc
    printf8.o(i._printf_core) refers to printf8.o(i._printf_pre_padding) for _printf_pre_padding
    printf8.o(i._printf_core) refers to uldiv.o(.text) for __aeabi_uldivmod
    printf8.o(i._printf_core) refers to printf8.o(i._printf_post_padding) for _printf_post_padding
    printfa.o(i.__0fprintf) refers (Special) to iusefp.o(.text) for __I$use$fp
    printfa.o(i.__0fprintf) refers to printfa.o(i._printf_core) for _printf_core
    printfa.o(i.__0fprintf) refers to driver_usart1.o(i.fputc) for fputc
    printfa.o(i.__0printf) refers (Special) to iusefp.o(.text) for __I$use$fp
    printfa.o(i.__0printf) refers to printfa.o(i._printf_core) for _printf_core
    printfa.o(i.__0printf) refers to driver_usart1.o(i.fputc) for fputc
    printfa.o(i.__0printf) refers to stdout.o(.data) for __stdout
    printfa.o(i.__0snprintf) refers (Special) to iusefp.o(.text) for __I$use$fp
    printfa.o(i.__0snprintf) refers to printfa.o(i._printf_core) for _printf_core
    printfa.o(i.__0snprintf) refers to printfa.o(i._snputc) for _snputc
    printfa.o(i.__0sprintf) refers (Special) to iusefp.o(.text) for __I$use$fp
    printfa.o(i.__0sprintf) refers to printfa.o(i._printf_core) for _printf_core
    printfa.o(i.__0sprintf) refers to printfa.o(i._sputc) for _sputc
    printfa.o(i.__0vfprintf) refers (Special) to iusefp.o(.text) for __I$use$fp
    printfa.o(i.__0vfprintf) refers to printfa.o(i._printf_core) for _printf_core
    printfa.o(i.__0vfprintf) refers to driver_usart1.o(i.fputc) for fputc
    printfa.o(i.__0vprintf) refers (Special) to iusefp.o(.text) for __I$use$fp
    printfa.o(i.__0vprintf) refers to printfa.o(i._printf_core) for _printf_core
    printfa.o(i.__0vprintf) refers to driver_usart1.o(i.fputc) for fputc
    printfa.o(i.__0vprintf) refers to stdout.o(.data) for __stdout
    printfa.o(i.__0vsnprintf) refers (Special) to iusefp.o(.text) for __I$use$fp
    printfa.o(i.__0vsnprintf) refers to printfa.o(i._printf_core) for _printf_core
    printfa.o(i.__0vsnprintf) refers to printfa.o(i._snputc) for _snputc
    printfa.o(i.__0vsprintf) refers (Special) to iusefp.o(.text) for __I$use$fp
    printfa.o(i.__0vsprintf) refers to printfa.o(i._printf_core) for _printf_core
    printfa.o(i.__0vsprintf) refers to printfa.o(i._sputc) for _sputc
    printfa.o(i._fp_digits) refers (Special) to iusefp.o(.text) for __I$use$fp
    printfa.o(i._fp_digits) refers to dmul.o(.text) for __aeabi_dmul
    printfa.o(i._fp_digits) refers to ddiv.o(.text) for __aeabi_ddiv
    printfa.o(i._fp_digits) refers to cdrcmple.o(.text) for __aeabi_cdrcmple
    printfa.o(i._fp_digits) refers to dadd.o(.text) for __aeabi_dadd
    printfa.o(i._fp_digits) refers to dfixul.o(.text) for __aeabi_d2ulz
    printfa.o(i._fp_digits) refers to uldiv.o(.text) for __aeabi_uldivmod
    printfa.o(i._printf_core) refers (Special) to iusefp.o(.text) for __I$use$fp
    printfa.o(i._printf_core) refers to printfa.o(i._printf_pre_padding) for _printf_pre_padding
    printfa.o(i._printf_core) refers to uldiv.o(.text) for __aeabi_uldivmod
    printfa.o(i._printf_core) refers to printfa.o(i._printf_post_padding) for _printf_post_padding
    printfa.o(i._printf_core) refers to printfa.o(i._fp_digits) for _fp_digits
    printfa.o(i._printf_core) refers to uidiv.o(.text) for __aeabi_uidivmod
    printfa.o(i._printf_post_padding) refers (Special) to iusefp.o(.text) for __I$use$fp
    printfa.o(i._printf_pre_padding) refers (Special) to iusefp.o(.text) for __I$use$fp
    printfa.o(i._snputc) refers (Special) to iusefp.o(.text) for __I$use$fp
    printfa.o(i._sputc) refers (Special) to iusefp.o(.text) for __I$use$fp
    dadd.o(.text) refers (Special) to iusefp.o(.text) for __I$use$fp
    dadd.o(.text) refers to llshl.o(.text) for __aeabi_llsl
    dadd.o(.text) refers to llsshr.o(.text) for __aeabi_lasr
    dadd.o(.text) refers to depilogue.o(.text) for _double_epilogue
    dmul.o(.text) refers (Special) to iusefp.o(.text) for __I$use$fp
    dmul.o(.text) refers to depilogue.o(.text) for _double_epilogue
    ddiv.o(.text) refers (Special) to iusefp.o(.text) for __I$use$fp
    ddiv.o(.text) refers to depilogue.o(.text) for _double_round
    dflti.o(.text) refers (Special) to iusefp.o(.text) for __I$use$fp
    dflti.o(.text) refers to depilogue.o(.text) for _double_epilogue
    dfltui.o(.text) refers (Special) to iusefp.o(.text) for __I$use$fp
    dfltui.o(.text) refers to depilogue.o(.text) for _double_epilogue
    dfixui.o(.text) refers (Special) to iusefp.o(.text) for __I$use$fp
    dfixui.o(.text) refers to llushr.o(.text) for __aeabi_llsr
    cdrcmple.o(.text) refers (Special) to iusefp.o(.text) for __I$use$fp
    cos_i.o(i.__kernel_cos) refers (Special) to iusefp.o(.text) for __I$use$fp
    cos_i.o(i.__kernel_cos) refers to dfixi.o(.text) for __aeabi_d2iz
    cos_i.o(i.__kernel_cos) refers to dmul.o(.text) for __aeabi_dmul
    cos_i.o(i.__kernel_cos) refers to poly.o(i.__kernel_poly) for __kernel_poly
    cos_i.o(i.__kernel_cos) refers to dadd.o(.text) for __aeabi_dsub
    cos_i.o(i.__kernel_cos) refers to dscalb.o(.text) for __ARM_scalbn
    cos_i.o(i.__kernel_cos) refers to cos_i.o(.constdata) for .constdata
    cos_i.o(.constdata) refers (Special) to iusefp.o(.text) for __I$use$fp
    dunder.o(i.__mathlib_dbl_divzero) refers to ddiv.o(.text) for __aeabi_ddiv
    dunder.o(i.__mathlib_dbl_infnan) refers to dscalb.o(.text) for __ARM_scalbn
    dunder.o(i.__mathlib_dbl_infnan2) refers to dadd.o(.text) for __aeabi_dadd
    dunder.o(i.__mathlib_dbl_invalid) refers to ddiv.o(.text) for __aeabi_ddiv
    dunder.o(i.__mathlib_dbl_overflow) refers to dscalb.o(.text) for __ARM_scalbn
    dunder.o(i.__mathlib_dbl_posinfnan) refers to dmul.o(.text) for __aeabi_dmul
    dunder.o(i.__mathlib_dbl_underflow) refers to dscalb.o(.text) for __ARM_scalbn
    rred.o(i.__ieee754_rem_pio2) refers (Special) to iusefp.o(.text) for __I$use$fp
    rred.o(i.__ieee754_rem_pio2) refers to dadd.o(.text) for __aeabi_dsub
    rred.o(i.__ieee754_rem_pio2) refers to dmul.o(.text) for __aeabi_dmul
    rred.o(i.__ieee754_rem_pio2) refers to dfixi.o(.text) for __aeabi_d2iz
    rred.o(i.__ieee754_rem_pio2) refers to dflti.o(.text) for __aeabi_i2d
    rred.o(i.__ieee754_rem_pio2) refers to dfltui.o(.text) for __aeabi_ui2d
    rred.o(i.__ieee754_rem_pio2) refers to dscalb.o(.text) for __ARM_scalbn
    rred.o(i.__ieee754_rem_pio2) refers to rred.o(.constdata) for .constdata
    rred.o(i.__use_accurate_range_reduction) refers (Special) to iusefp.o(.text) for __I$use$fp
    rred.o(.constdata) refers (Special) to iusefp.o(.text) for __I$use$fp
    sin_i.o(i.__kernel_sin) refers (Special) to iusefp.o(.text) for __I$use$fp
    sin_i.o(i.__kernel_sin) refers to fpclassify.o(i.__ARM_fpclassify) for __ARM_fpclassify
    sin_i.o(i.__kernel_sin) refers to dunder.o(i.__mathlib_dbl_underflow) for __mathlib_dbl_underflow
    sin_i.o(i.__kernel_sin) refers to dmul.o(.text) for __aeabi_dmul
    sin_i.o(i.__kernel_sin) refers to poly.o(i.__kernel_poly) for __kernel_poly
    sin_i.o(i.__kernel_sin) refers to dscalb.o(.text) for __ARM_scalbn
    sin_i.o(i.__kernel_sin) refers to dadd.o(.text) for __aeabi_dsub
    sin_i.o(i.__kernel_sin) refers to sin_i.o(.constdata) for .constdata
    sin_i.o(.constdata) refers (Special) to iusefp.o(.text) for __I$use$fp
    sin_i_x.o(i.____kernel_sin$lsc) refers (Special) to iusefp.o(.text) for __I$use$fp
    sin_i_x.o(i.____kernel_sin$lsc) refers to dmul.o(.text) for __aeabi_dmul
    sin_i_x.o(i.____kernel_sin$lsc) refers to poly.o(i.__kernel_poly) for __kernel_poly
    sin_i_x.o(i.____kernel_sin$lsc) refers to dscalb.o(.text) for __ARM_scalbn
    sin_i_x.o(i.____kernel_sin$lsc) refers to dadd.o(.text) for __aeabi_dsub
    sin_i_x.o(i.____kernel_sin$lsc) refers to sin_i_x.o(.constdata) for .constdata
    sin_i_x.o(.constdata) refers (Special) to iusefp.o(.text) for __I$use$fp
    entry2.o(.ARM.Collect$$$$00000001) refers to entry2.o(.ARM.Collect$$$$00002712) for __lit__00000000
    entry2.o(.ARM.Collect$$$$00002712) refers to startup_stm32f10x_hd.o(STACK) for __initial_sp
    entry2.o(__vectab_stack_and_reset_area) refers to startup_stm32f10x_hd.o(STACK) for __initial_sp
    entry2.o(__vectab_stack_and_reset_area) refers to entry.o(.ARM.Collect$$$$00000000) for __main
    entry5.o(.ARM.Collect$$$$00000004) refers to init.o(.text) for __scatterload
    entry9a.o(.ARM.Collect$$$$0000000B) refers to main.o(i.main) for main
    entry9b.o(.ARM.Collect$$$$0000000C) refers to main.o(i.main) for main
    uldiv.o(.text) refers to llushr.o(.text) for __aeabi_llsr
    uldiv.o(.text) refers to llshl.o(.text) for __aeabi_llsl
    errno.o(i.__aeabi_errno_addr) refers to errno.o(.data) for .data
    errno.o(i.__read_errno) refers to errno.o(.data) for .data
    errno.o(i.__set_errno) refers to errno.o(.data) for .data
    strtod.o(.text) refers to scanf_fp.o(.text) for _scanf_real
    strtod.o(.text) refers to _sgetc.o(.text) for _sgetc
    strtod.o(.text) refers to isspace_c.o(.text) for isspace
    depilogue.o(.text) refers to llshl.o(.text) for __aeabi_llsl
    depilogue.o(.text) refers to llushr.o(.text) for __aeabi_llsr
    dfixul.o(.text) refers to llushr.o(.text) for __aeabi_llsr
    dfixul.o(.text) refers to llshl.o(.text) for __aeabi_llsl
    fpclassify.o(i.__ARM_fpclassify) refers (Special) to iusefp.o(.text) for __I$use$fp
    poly.o(i.__kernel_poly) refers (Special) to iusefp.o(.text) for __I$use$fp
    poly.o(i.__kernel_poly) refers to dmul.o(.text) for __aeabi_dmul
    poly.o(i.__kernel_poly) refers to dadd.o(.text) for __aeabi_dadd
    init.o(.text) refers to entry5.o(.ARM.Collect$$$$00000004) for __main_after_scatterload
    isspace_c.o(.text) refers to ctype_c.o(.text) for __ctype_lookup
    scanf_fp.o(.text) refers (Special) to iusefp.o(.text) for __I$use$fp
    scanf_fp.o(.text) refers to dfltul.o(.text) for __aeabi_ul2d
    scanf_fp.o(.text) refers to dmul.o(.text) for __aeabi_dmul
    scanf_fp.o(.text) refers to ddiv.o(.text) for __aeabi_ddiv
    scanf_fp.o(.text) refers to scanf_fp.o(i._is_digit) for _is_digit
    scanf_fp.o(.text) refers to d2f.o(.text) for __aeabi_d2f
    dfixi.o(.text) refers to llushr.o(.text) for __aeabi_llsr
    ctype_c.o(.text) refers to ctype_c.o(.constdata) for .constdata
    dfltul.o(.text) refers to depilogue.o(.text) for _double_epilogue
    d2f.o(.text) refers to fepilogue.o(.text) for _float_round
    scanf_fp.o(i._is_digit) refers (Special) to iusefp.o(.text) for __I$use$fp


==============================================================================

Removing Unused input sections from the image.

    Removing core_cm3.o(.emb_text), (32 bytes).
    Removing startup_stm32f10x_hd.o(HEAP), (2048 bytes).
    Removing system_stm32f10x.o(i.SystemCoreClockUpdate), (262 bytes).
    Removing system_stm32f10x.o(.data), (20 bytes).
    Removing driver_lcd.o(i.Inf_LCD_BKClose), (26 bytes).
    Removing driver_lcd.o(i.Inf_LCD_DrawCircle), (314 bytes).
    Removing driver_lcd.o(i.Inf_LCD_DrawLine), (312 bytes).
    Removing driver_lcd.o(i.Inf_LCD_DrawPoint), (50 bytes).
    Removing driver_lcd.o(i.Inf_LCD_DrawcircleFile), (48 bytes).
    Removing driver_lcd.o(i.Inf_LCD_POTOT), (72 bytes).
    Removing driver_lcd.o(i.Inf_LCD_ReadData), (12 bytes).
    Removing driver_lcd.o(i.Inf_LCD_ReadID), (48 bytes).
    Removing driver_lcd.o(i.Inf_LCD_WriteChinese), (106 bytes).
    Removing driver_lcd.o(.data), (32 bytes).
    Removing inf_w25q32.o(i.INF_W25Q32_ReadID), (60 bytes).
    Removing driver_usart1.o(i.Driver_USART1_SendString), (26 bytes).
    Removing driver_usart1.o(i.Driver_USART1_Stop), (26 bytes).
    Removing driver_fsmc.o(i.Driver_FSMC_GPIO_Config), (632 bytes).
    Removing driver_fsmc.o(i.Driver_FSMC_Init), (168 bytes).
    Removing dfltui.o(.text), (26 bytes).
    Removing dfixui.o(.text), (50 bytes).
    Removing dscalb.o(.text), (46 bytes).
    Removing dfixi.o(.text), (62 bytes).

23 unused section(s) (total 4478 bytes) removed from the image.

==============================================================================

Image Symbol Table

    Local Symbols

    Symbol Name                              Value     Ov Type        Size  Object(Section)

    ../clib/microlib/ctype/ctype.c           0x00000000   Number         0  ctype_c.o ABSOLUTE
    ../clib/microlib/ctype/ctype.c           0x00000000   Number         0  isspace_c.o ABSOLUTE
    ../clib/microlib/division.c              0x00000000   Number         0  uidiv.o ABSOLUTE
    ../clib/microlib/division.c              0x00000000   Number         0  uldiv.o ABSOLUTE
    ../clib/microlib/errno.c                 0x00000000   Number         0  errno.o ABSOLUTE
    ../clib/microlib/init/entry.s            0x00000000   Number         0  entry12a.o ABSOLUTE
    ../clib/microlib/init/entry.s            0x00000000   Number         0  entry11b.o ABSOLUTE
    ../clib/microlib/init/entry.s            0x00000000   Number         0  entry8a.o ABSOLUTE
    ../clib/microlib/init/entry.s            0x00000000   Number         0  entry12b.o ABSOLUTE
    ../clib/microlib/init/entry.s            0x00000000   Number         0  entry11a.o ABSOLUTE
    ../clib/microlib/init/entry.s            0x00000000   Number         0  entry10b.o ABSOLUTE
    ../clib/microlib/init/entry.s            0x00000000   Number         0  entry.o ABSOLUTE
    ../clib/microlib/init/entry.s            0x00000000   Number         0  entry10a.o ABSOLUTE
    ../clib/microlib/init/entry.s            0x00000000   Number         0  entry9b.o ABSOLUTE
    ../clib/microlib/init/entry.s            0x00000000   Number         0  entry2.o ABSOLUTE
    ../clib/microlib/init/entry.s            0x00000000   Number         0  entry5.o ABSOLUTE
    ../clib/microlib/init/entry.s            0x00000000   Number         0  entry9a.o ABSOLUTE
    ../clib/microlib/init/entry.s            0x00000000   Number         0  entry7a.o ABSOLUTE
    ../clib/microlib/init/entry.s            0x00000000   Number         0  entry7b.o ABSOLUTE
    ../clib/microlib/init/entry.s            0x00000000   Number         0  entry8b.o ABSOLUTE
    ../clib/microlib/longlong.c              0x00000000   Number         0  llsshr.o ABSOLUTE
    ../clib/microlib/longlong.c              0x00000000   Number         0  llushr.o ABSOLUTE
    ../clib/microlib/longlong.c              0x00000000   Number         0  llshl.o ABSOLUTE
    ../clib/microlib/printf/printf.c         0x00000000   Number         0  printf1.o ABSOLUTE
    ../clib/microlib/printf/printf.c         0x00000000   Number         0  printf3.o ABSOLUTE
    ../clib/microlib/printf/printf.c         0x00000000   Number         0  printf4.o ABSOLUTE
    ../clib/microlib/printf/printf.c         0x00000000   Number         0  printf5.o ABSOLUTE
    ../clib/microlib/printf/printf.c         0x00000000   Number         0  printf6.o ABSOLUTE
    ../clib/microlib/printf/printf.c         0x00000000   Number         0  printf7.o ABSOLUTE
    ../clib/microlib/printf/printf.c         0x00000000   Number         0  printfb.o ABSOLUTE
    ../clib/microlib/printf/printf.c         0x00000000   Number         0  printf8.o ABSOLUTE
    ../clib/microlib/printf/printf.c         0x00000000   Number         0  printfa.o ABSOLUTE
    ../clib/microlib/printf/printf.c         0x00000000   Number         0  printf0.o ABSOLUTE
    ../clib/microlib/printf/printf.c         0x00000000   Number         0  printf2.o ABSOLUTE
    ../clib/microlib/printf/stubs.s          0x00000000   Number         0  stubs.o ABSOLUTE
    ../clib/microlib/stdio/streams.c         0x00000000   Number         0  stdout.o ABSOLUTE
    ../clib/microlib/string/memset.c         0x00000000   Number         0  memseta.o ABSOLUTE
    ../clib/microlib/string/strlen.c         0x00000000   Number         0  strlen.o ABSOLUTE
    ../clib/microlib/string/strtok.c         0x00000000   Number         0  strtok.o ABSOLUTE
    ../clib/microlib/string/strtok.c         0x00000000   Number         0  strtok_r.o ABSOLUTE
    ../clib/microlib/stubs.s                 0x00000000   Number         0  iusefp.o ABSOLUTE
    ../clib/scanf.c                          0x00000000   Number         0  scanf_fp.o ABSOLUTE
    ../clib/scanf.c                          0x00000000   Number         0  strtod.o ABSOLUTE
    ../clib/scanf.c                          0x00000000   Number         0  _sgetc.o ABSOLUTE
    ../fplib/microlib/d2f.c                  0x00000000   Number         0  d2f.o ABSOLUTE
    ../fplib/microlib/fpadd.c                0x00000000   Number         0  dadd.o ABSOLUTE
    ../fplib/microlib/fpdiv.c                0x00000000   Number         0  ddiv.o ABSOLUTE
    ../fplib/microlib/fpepilogue.c           0x00000000   Number         0  depilogue.o ABSOLUTE
    ../fplib/microlib/fpepilogue.c           0x00000000   Number         0  fepilogue.o ABSOLUTE
    ../fplib/microlib/fpfix.c                0x00000000   Number         0  dfixul.o ABSOLUTE
    ../fplib/microlib/fpfix.c                0x00000000   Number         0  dfixi.o ABSOLUTE
    ../fplib/microlib/fpfix.c                0x00000000   Number         0  dfixui.o ABSOLUTE
    ../fplib/microlib/fpflt.c                0x00000000   Number         0  dfltul.o ABSOLUTE
    ../fplib/microlib/fpflt.c                0x00000000   Number         0  dfltui.o ABSOLUTE
    ../fplib/microlib/fpflt.c                0x00000000   Number         0  dflti.o ABSOLUTE
    ../fplib/microlib/fpmul.c                0x00000000   Number         0  dmul.o ABSOLUTE
    ../fplib/microlib/fpscalb.c              0x00000000   Number         0  dscalb.o ABSOLUTE
    ../mathlib/cos.c                         0x00000000   Number         0  cos_x.o ABSOLUTE
    ../mathlib/cos.c                         0x00000000   Number         0  cos.o ABSOLUTE
    ../mathlib/cos_i.c                       0x00000000   Number         0  cos_i.o ABSOLUTE
    ../mathlib/dunder.c                      0x00000000   Number         0  dunder.o ABSOLUTE
    ../mathlib/fpclassify.c                  0x00000000   Number         0  fpclassify.o ABSOLUTE
    ../mathlib/poly.c                        0x00000000   Number         0  poly.o ABSOLUTE
    ../mathlib/rred.c                        0x00000000   Number         0  rred.o ABSOLUTE
    ../mathlib/sin.c                         0x00000000   Number         0  sin.o ABSOLUTE
    ../mathlib/sin.c                         0x00000000   Number         0  sin_x.o ABSOLUTE
    ../mathlib/sin_i.c                       0x00000000   Number         0  sin_i_x.o ABSOLUTE
    ../mathlib/sin_i.c                       0x00000000   Number         0  sin_i.o ABSOLUTE
    ../mathlib/strtod.c                      0x00000000   Number         0  strtod.o ABSOLUTE
    App\App_Display.c                        0x00000000   Number         0  app_display.o ABSOLUTE
    App\App_TDS.c                            0x00000000   Number         0  app_tds.o ABSOLUTE
    App\App_Water_level.c                    0x00000000   Number         0  app_water_level.o ABSOLUTE
    Common\Debug .c                          0x00000000   Number         0  debug .o ABSOLUTE
    Driver\Driver_FSMC.c                     0x00000000   Number         0  driver_fsmc.o ABSOLUTE
    Driver\Driver_GPIO.c                     0x00000000   Number         0  driver_gpio.o ABSOLUTE
    Driver\Driver_IIC.c                      0x00000000   Number         0  driver_iic.o ABSOLUTE
    Driver\Driver_LCD_FSMC.c                 0x00000000   Number         0  driver_lcd_fsmc.o ABSOLUTE
    Driver\Driver_SPI.c                      0x00000000   Number         0  driver_spi.o ABSOLUTE
    Driver\Driver_usart1.c                   0x00000000   Number         0  driver_usart1.o ABSOLUTE
    Inf\Driver_LCD.c                         0x00000000   Number         0  driver_lcd.o ABSOLUTE
    Inf\Inf_ADS1115.c                        0x00000000   Number         0  inf_ads1115.o ABSOLUTE
    Inf\Inf_W25Q32.c                         0x00000000   Number         0  inf_w25q32.o ABSOLUTE
    Inf\Inf_water_level.c                    0x00000000   Number         0  inf_water_level.o ABSOLUTE
    Start\\core_cm3.c                        0x00000000   Number         0  core_cm3.o ABSOLUTE
    Start\core_cm3.c                         0x00000000   Number         0  core_cm3.o ABSOLUTE
    Start\startup_stm32f10x_hd.s             0x00000000   Number         0  startup_stm32f10x_hd.o ABSOLUTE
    Start\system_stm32f10x.c                 0x00000000   Number         0  system_stm32f10x.o ABSOLUTE
    User\Delay.c                             0x00000000   Number         0  delay.o ABSOLUTE
    User\main.c                              0x00000000   Number         0  main.o ABSOLUTE
    cdrcmple.s                               0x00000000   Number         0  cdrcmple.o ABSOLUTE
    dc.s                                     0x00000000   Number         0  dc.o ABSOLUTE
    handlers.s                               0x00000000   Number         0  handlers.o ABSOLUTE
    init.s                                   0x00000000   Number         0  init.o ABSOLUTE
    RESET                                    0x08000000   Section      304  startup_stm32f10x_hd.o(RESET)
    .ARM.Collect$$$$00000000                 0x08000130   Section        0  entry.o(.ARM.Collect$$$$00000000)
    .ARM.Collect$$$$00000001                 0x08000130   Section        4  entry2.o(.ARM.Collect$$$$00000001)
    .ARM.Collect$$$$00000004                 0x08000134   Section        4  entry5.o(.ARM.Collect$$$$00000004)
    .ARM.Collect$$$$00000008                 0x08000138   Section        0  entry7b.o(.ARM.Collect$$$$00000008)
    .ARM.Collect$$$$0000000A                 0x08000138   Section        0  entry8b.o(.ARM.Collect$$$$0000000A)
    .ARM.Collect$$$$0000000B                 0x08000138   Section        8  entry9a.o(.ARM.Collect$$$$0000000B)
    .ARM.Collect$$$$0000000E                 0x08000140   Section        4  entry12b.o(.ARM.Collect$$$$0000000E)
    .ARM.Collect$$$$0000000F                 0x08000144   Section        0  entry10a.o(.ARM.Collect$$$$0000000F)
    .ARM.Collect$$$$00000011                 0x08000144   Section        0  entry11a.o(.ARM.Collect$$$$00000011)
    .ARM.Collect$$$$00002712                 0x08000144   Section        4  entry2.o(.ARM.Collect$$$$00002712)
    __lit__00000000                          0x08000144   Data           4  entry2.o(.ARM.Collect$$$$00002712)
    .text                                    0x08000148   Section       36  startup_stm32f10x_hd.o(.text)
    .text                                    0x0800016c   Section        0  memseta.o(.text)
    .text                                    0x08000190   Section        0  strlen.o(.text)
    .text                                    0x080001a0   Section        0  strtok.o(.text)
    .text                                    0x080001e4   Section        0  dadd.o(.text)
    .text                                    0x08000332   Section        0  dmul.o(.text)
    .text                                    0x08000416   Section        0  ddiv.o(.text)
    .text                                    0x080004f4   Section        0  dflti.o(.text)
    .text                                    0x08000518   Section       48  cdrcmple.o(.text)
    .text                                    0x08000548   Section        0  uidiv.o(.text)
    .text                                    0x08000574   Section        0  uldiv.o(.text)
    .text                                    0x080005d6   Section        0  llshl.o(.text)
    .text                                    0x080005f4   Section        0  llushr.o(.text)
    .text                                    0x08000614   Section        0  llsshr.o(.text)
    .text                                    0x08000638   Section        0  strtod.o(.text)
    _local_sscanf                            0x08000639   Thumb Code    54  strtod.o(.text)
    .text                                    0x080006d4   Section        0  iusefp.o(.text)
    .text                                    0x080006d4   Section        0  depilogue.o(.text)
    .text                                    0x0800078e   Section        0  dfixul.o(.text)
    .text                                    0x080007c0   Section       36  init.o(.text)
    .text                                    0x080007e4   Section        0  isspace_c.o(.text)
    .text                                    0x080007f0   Section        0  scanf_fp.o(.text)
    _fp_value                                0x080007f1   Thumb Code   296  scanf_fp.o(.text)
    .text                                    0x08000b50   Section        0  _sgetc.o(.text)
    .text                                    0x08000b90   Section        0  ctype_c.o(.text)
    .text                                    0x08000bb8   Section        0  dfltul.o(.text)
    .text                                    0x08000bd0   Section        0  d2f.o(.text)
    .text                                    0x08000c08   Section        0  fepilogue.o(.text)
    i.App_Display_ASCII                      0x08000c76   Section        0  app_display.o(i.App_Display_ASCII)
    i.App_Display_Back                       0x08000c9c   Section        0  app_display.o(i.App_Display_Back)
    i.App_Display_Clean                      0x08000cd4   Section        0  app_display.o(i.App_Display_Clean)
    i.App_Display_Init                       0x08000cf8   Section        0  app_display.o(i.App_Display_Init)
    i.App_TDS_Init                           0x08000d00   Section        0  app_tds.o(i.App_TDS_Init)
    i.App_TDS_Read                           0x08000d08   Section        0  app_tds.o(i.App_TDS_Read)
    i.App_Water_Level_Init                   0x08000db6   Section        0  app_water_level.o(i.App_Water_Level_Init)
    i.App_Water_Level_calibrate              0x08000dc6   Section        0  app_water_level.o(i.App_Water_Level_calibrate)
    i.App_Water_Level_depth                  0x080010b6   Section        0  app_water_level.o(i.App_Water_Level_depth)
    i.Debug_init                             0x08001100   Section        0  debug .o(i.Debug_init)
    i.Delay_ms                               0x0800110c   Section        0  delay.o(i.Delay_ms)
    i.Delay_s                                0x08001126   Section        0  delay.o(i.Delay_s)
    i.Delay_us                               0x08001140   Section        0  delay.o(i.Delay_us)
    i.Driver_GPIO_Init                       0x0800119c   Section        0  driver_gpio.o(i.Driver_GPIO_Init)
    i.Driver_GPIO_key1press                  0x0800123e   Section        0  driver_gpio.o(i.Driver_GPIO_key1press)
    i.Driver_IIC_ACK                         0x0800128c   Section        0  driver_iic.o(i.Driver_IIC_ACK)
    i.Driver_IIC_Init                        0x080012a6   Section        0  driver_iic.o(i.Driver_IIC_Init)
    i.Driver_IIC_NACK                        0x08001374   Section        0  driver_iic.o(i.Driver_IIC_NACK)
    i.Driver_IIC_ReceiveData                 0x0800138e   Section        0  driver_iic.o(i.Driver_IIC_ReceiveData)
    i.Driver_IIC_SenDADDR                    0x080013be   Section        0  driver_iic.o(i.Driver_IIC_SenDADDR)
    i.Driver_IIC_SendData                    0x0800140c   Section        0  driver_iic.o(i.Driver_IIC_SendData)
    i.Driver_IIC_Start                       0x0800145c   Section        0  driver_iic.o(i.Driver_IIC_Start)
    i.Driver_IIC_Stop                        0x0800149a   Section        0  driver_iic.o(i.Driver_IIC_Stop)
    i.Driver_LCD_FSMC_GPIO_Config            0x080014b4   Section        0  driver_lcd_fsmc.o(i.Driver_LCD_FSMC_GPIO_Config)
    i.Driver_LCD_FSMC_Init                   0x0800167a   Section        0  driver_lcd_fsmc.o(i.Driver_LCD_FSMC_Init)
    i.Driver_LCD_Init                        0x08001736   Section        0  driver_lcd.o(i.Driver_LCD_Init)
    i.Driver_SPI_Init                        0x0800174a   Section        0  driver_spi.o(i.Driver_SPI_Init)
    i.Driver_SPI_Start                       0x0800184c   Section        0  driver_spi.o(i.Driver_SPI_Start)
    i.Driver_SPI_Stop                        0x08001866   Section        0  driver_spi.o(i.Driver_SPI_Stop)
    i.Driver_SPI_Swapbyte                    0x08001880   Section        0  driver_spi.o(i.Driver_SPI_Swapbyte)
    i.Driver_USART1_Init                     0x080018c2   Section        0  driver_usart1.o(i.Driver_USART1_Init)
    i.Driver_USART1_SendChar                 0x0800192c   Section        0  driver_usart1.o(i.Driver_USART1_SendChar)
    i.Driver_USART1_Start                    0x0800194c   Section        0  driver_usart1.o(i.Driver_USART1_Start)
    i.INF_W25Q32_Init                        0x08001966   Section        0  inf_w25q32.o(i.INF_W25Q32_Init)
    i.INF_W25Q32_PageProgram                 0x0800196e   Section        0  inf_w25q32.o(i.INF_W25Q32_PageProgram)
    i.INF_W25Q32_ReadData                    0x080019be   Section        0  inf_w25q32.o(i.INF_W25Q32_ReadData)
    i.INF_W25Q32_SectorErase                 0x08001a08   Section        0  inf_w25q32.o(i.INF_W25Q32_SectorErase)
    i.INF_W25Q32_WaitBusy                    0x08001a3e   Section        0  inf_w25q32.o(i.INF_W25Q32_WaitBusy)
    i.INF_W25Q32_WriteDisable                0x08001a60   Section        0  inf_w25q32.o(i.INF_W25Q32_WriteDisable)
    i.INF_W25Q32_WriteEnable                 0x08001a72   Section        0  inf_w25q32.o(i.INF_W25Q32_WriteEnable)
    i.Inf_ADS1115_Init                       0x08001a84   Section        0  inf_ads1115.o(i.Inf_ADS1115_Init)
    i.Inf_ADS1115_ReadV                      0x08001ac6   Section        0  inf_ads1115.o(i.Inf_ADS1115_ReadV)
    i.Inf_LCD_BKopen                         0x08001b0e   Section        0  driver_lcd.o(i.Inf_LCD_BKopen)
    i.Inf_LCD_Chinese                        0x08001b28   Section        0  driver_lcd.o(i.Inf_LCD_Chinese)
    i.Inf_LCD_CleanAll                       0x08001b92   Section        0  driver_lcd.o(i.Inf_LCD_CleanAll)
    i.Inf_LCD_FillColor                      0x08001bc0   Section        0  driver_lcd.o(i.Inf_LCD_FillColor)
    i.Inf_LCD_Logo                           0x08001bde   Section        0  driver_lcd.o(i.Inf_LCD_Logo)
    i.Inf_LCD_Regconfig                      0x08001c22   Section        0  driver_lcd.o(i.Inf_LCD_Regconfig)
    i.Inf_LCD_Reset                          0x08001d9a   Section        0  driver_lcd.o(i.Inf_LCD_Reset)
    i.Inf_LCD_SetArea                        0x08001dda   Section        0  driver_lcd.o(i.Inf_LCD_SetArea)
    i.Inf_LCD_WriteASCLLChar                 0x08001e32   Section        0  driver_lcd.o(i.Inf_LCD_WriteASCLLChar)
    i.Inf_LCD_WriteASCLLString               0x08001f50   Section        0  driver_lcd.o(i.Inf_LCD_WriteASCLLString)
    i.Inf_LCD_WriteCmd                       0x08001fb8   Section        0  driver_lcd.o(i.Inf_LCD_WriteCmd)
    i.Inf_LCD_WriteData                      0x08001fc0   Section        0  driver_lcd.o(i.Inf_LCD_WriteData)
    i.Inf_Water_Level_Init                   0x08001fcc   Section        0  inf_water_level.o(i.Inf_Water_Level_Init)
    i.Inf_Water_Level_ReadV                  0x08001fd4   Section        0  inf_water_level.o(i.Inf_Water_Level_ReadV)
    i.SetSysClock                            0x080020ae   Section        0  system_stm32f10x.o(i.SetSysClock)
    SetSysClock                              0x080020af   Thumb Code     8  system_stm32f10x.o(i.SetSysClock)
    i.SetSysClockTo72                        0x080020b6   Section        0  system_stm32f10x.o(i.SetSysClockTo72)
    SetSysClockTo72                          0x080020b7   Thumb Code   286  system_stm32f10x.o(i.SetSysClockTo72)
    i.SystemInit                             0x080021d4   Section        0  system_stm32f10x.o(i.SystemInit)
    i.__0printf                              0x08002240   Section        0  printfa.o(i.__0printf)
    i.__0snprintf                            0x08002260   Section        0  printfa.o(i.__0snprintf)
    i.__0sprintf                             0x08002294   Section        0  printfa.o(i.__0sprintf)
    i.__scatterload_copy                     0x080022bc   Section       14  handlers.o(i.__scatterload_copy)
    i.__scatterload_null                     0x080022ca   Section        2  handlers.o(i.__scatterload_null)
    i.__scatterload_zeroinit                 0x080022cc   Section       14  handlers.o(i.__scatterload_zeroinit)
    i._fp_digits                             0x080022dc   Section        0  printfa.o(i._fp_digits)
    _fp_digits                               0x080022dd   Thumb Code   366  printfa.o(i._fp_digits)
    i._is_digit                              0x08002460   Section        0  scanf_fp.o(i._is_digit)
    i._printf_core                           0x08002470   Section        0  printfa.o(i._printf_core)
    _printf_core                             0x08002471   Thumb Code  1704  printfa.o(i._printf_core)
    i._printf_post_padding                   0x08002b24   Section        0  printfa.o(i._printf_post_padding)
    _printf_post_padding                     0x08002b25   Thumb Code    36  printfa.o(i._printf_post_padding)
    i._printf_pre_padding                    0x08002b48   Section        0  printfa.o(i._printf_pre_padding)
    _printf_pre_padding                      0x08002b49   Thumb Code    46  printfa.o(i._printf_pre_padding)
    i._snputc                                0x08002b76   Section        0  printfa.o(i._snputc)
    _snputc                                  0x08002b77   Thumb Code    22  printfa.o(i._snputc)
    i._sputc                                 0x08002b8c   Section        0  printfa.o(i._sputc)
    _sputc                                   0x08002b8d   Thumb Code    10  printfa.o(i._sputc)
    i.fputc                                  0x08002b96   Section        0  driver_usart1.o(i.fputc)
    i.main                                   0x08002ba6   Section        0  main.o(i.main)
    i.strtod                                 0x08002c6c   Section        0  strtod.o(i.strtod)
    .constdata                               0x08002c88   Section    233984  driver_lcd.o(.constdata)
    .constdata                               0x0803be88   Section       64  ctype_c.o(.constdata)
    .conststring                             0x0803bec8   Section      128  main.o(.conststring)
    .conststring                             0x0803bf48   Section      376  app_water_level.o(.conststring)
    .data                                    0x20000000   Section       17  app_water_level.o(.data)
    .data                                    0x20000014   Section        4  strtok.o(.data)
    state                                    0x20000014   Data           4  strtok.o(.data)
    .data                                    0x20000018   Section        4  stdout.o(.data)
    .bss                                     0x2000001c   Section      128  app_water_level.o(.bss)
    STACK                                    0x200000a0   Section     2048  startup_stm32f10x_hd.o(STACK)

    Global Symbols

    Symbol Name                              Value     Ov Type        Size  Object(Section)

    BuildAttributes$$THM_ISAv4$P$D$K$B$S$PE$A:L22UL41UL21$X:L11$S22US41US21$IEEE1$IW$USESV6$~STKCKD$USESV7$~SHL$OTIME$ROPI$IEEEX$EBA8$MICROLIB$REQ8$PRES8$EABIv2 0x00000000   Number         0  anon$$obj.o ABSOLUTE
    __ARM_use_no_argv                        0x00000000   Number         0  main.o ABSOLUTE
    _printf_a                                0x00000000   Number         0  stubs.o ABSOLUTE
    _printf_c                                0x00000000   Number         0  stubs.o ABSOLUTE
    _printf_charcount                        0x00000000   Number         0  stubs.o ABSOLUTE
    _printf_d                                0x00000000   Number         0  stubs.o ABSOLUTE
    _printf_e                                0x00000000   Number         0  stubs.o ABSOLUTE
    _printf_f                                0x00000000   Number         0  stubs.o ABSOLUTE
    _printf_flags                            0x00000000   Number         0  stubs.o ABSOLUTE
    _printf_fp_dec                           0x00000000   Number         0  stubs.o ABSOLUTE
    _printf_fp_hex                           0x00000000   Number         0  stubs.o ABSOLUTE
    _printf_g                                0x00000000   Number         0  stubs.o ABSOLUTE
    _printf_i                                0x00000000   Number         0  stubs.o ABSOLUTE
    _printf_int_dec                          0x00000000   Number         0  stubs.o ABSOLUTE
    _printf_l                                0x00000000   Number         0  stubs.o ABSOLUTE
    _printf_lc                               0x00000000   Number         0  stubs.o ABSOLUTE
    _printf_ll                               0x00000000   Number         0  stubs.o ABSOLUTE
    _printf_lld                              0x00000000   Number         0  stubs.o ABSOLUTE
    _printf_lli                              0x00000000   Number         0  stubs.o ABSOLUTE
    _printf_llo                              0x00000000   Number         0  stubs.o ABSOLUTE
    _printf_llu                              0x00000000   Number         0  stubs.o ABSOLUTE
    _printf_llx                              0x00000000   Number         0  stubs.o ABSOLUTE
    _printf_longlong_dec                     0x00000000   Number         0  stubs.o ABSOLUTE
    _printf_longlong_hex                     0x00000000   Number         0  stubs.o ABSOLUTE
    _printf_longlong_oct                     0x00000000   Number         0  stubs.o ABSOLUTE
    _printf_ls                               0x00000000   Number         0  stubs.o ABSOLUTE
    _printf_mbtowc                           0x00000000   Number         0  stubs.o ABSOLUTE
    _printf_n                                0x00000000   Number         0  stubs.o ABSOLUTE
    _printf_o                                0x00000000   Number         0  stubs.o ABSOLUTE
    _printf_p                                0x00000000   Number         0  stubs.o ABSOLUTE
    _printf_percent                          0x00000000   Number         0  stubs.o ABSOLUTE
    _printf_pre_padding                      0x00000000   Number         0  stubs.o ABSOLUTE
    _printf_return_value                     0x00000000   Number         0  stubs.o ABSOLUTE
    _printf_s                                0x00000000   Number         0  stubs.o ABSOLUTE
    _printf_sizespec                         0x00000000   Number         0  stubs.o ABSOLUTE
    _printf_str                              0x00000000   Number         0  stubs.o ABSOLUTE
    _printf_truncate_signed                  0x00000000   Number         0  stubs.o ABSOLUTE
    _printf_truncate_unsigned                0x00000000   Number         0  stubs.o ABSOLUTE
    _printf_u                                0x00000000   Number         0  stubs.o ABSOLUTE
    _printf_wc                               0x00000000   Number         0  stubs.o ABSOLUTE
    _printf_wctomb                           0x00000000   Number         0  stubs.o ABSOLUTE
    _printf_widthprec                        0x00000000   Number         0  stubs.o ABSOLUTE
    _printf_x                                0x00000000   Number         0  stubs.o ABSOLUTE
    __arm_fini_                               - Undefined Weak Reference
    __cpp_initialize__aeabi_                  - Undefined Weak Reference
    __cxa_finalize                            - Undefined Weak Reference
    __decompress                              - Undefined Weak Reference
    _clock_init                               - Undefined Weak Reference
    _microlib_exit                            - Undefined Weak Reference
    __Vectors_Size                           0x00000130   Number         0  startup_stm32f10x_hd.o ABSOLUTE
    __Vectors                                0x08000000   Data           4  startup_stm32f10x_hd.o(RESET)
    __Vectors_End                            0x08000130   Data           0  startup_stm32f10x_hd.o(RESET)
    __main                                   0x08000131   Thumb Code     0  entry.o(.ARM.Collect$$$$00000000)
    _main_stk                                0x08000131   Thumb Code     0  entry2.o(.ARM.Collect$$$$00000001)
    _main_scatterload                        0x08000135   Thumb Code     0  entry5.o(.ARM.Collect$$$$00000004)
    __main_after_scatterload                 0x08000139   Thumb Code     0  entry5.o(.ARM.Collect$$$$00000004)
    _main_clock                              0x08000139   Thumb Code     0  entry7b.o(.ARM.Collect$$$$00000008)
    _main_cpp_init                           0x08000139   Thumb Code     0  entry8b.o(.ARM.Collect$$$$0000000A)
    _main_init                               0x08000139   Thumb Code     0  entry9a.o(.ARM.Collect$$$$0000000B)
    __rt_lib_shutdown_fini                   0x08000141   Thumb Code     0  entry12b.o(.ARM.Collect$$$$0000000E)
    __rt_final_cpp                           0x08000145   Thumb Code     0  entry10a.o(.ARM.Collect$$$$0000000F)
    __rt_final_exit                          0x08000145   Thumb Code     0  entry11a.o(.ARM.Collect$$$$00000011)
    Reset_Handler                            0x08000149   Thumb Code     8  startup_stm32f10x_hd.o(.text)
    NMI_Handler                              0x08000151   Thumb Code     2  startup_stm32f10x_hd.o(.text)
    HardFault_Handler                        0x08000153   Thumb Code     2  startup_stm32f10x_hd.o(.text)
    MemManage_Handler                        0x08000155   Thumb Code     2  startup_stm32f10x_hd.o(.text)
    BusFault_Handler                         0x08000157   Thumb Code     2  startup_stm32f10x_hd.o(.text)
    UsageFault_Handler                       0x08000159   Thumb Code     2  startup_stm32f10x_hd.o(.text)
    SVC_Handler                              0x0800015b   Thumb Code     2  startup_stm32f10x_hd.o(.text)
    DebugMon_Handler                         0x0800015d   Thumb Code     2  startup_stm32f10x_hd.o(.text)
    PendSV_Handler                           0x0800015f   Thumb Code     2  startup_stm32f10x_hd.o(.text)
    SysTick_Handler                          0x08000161   Thumb Code     2  startup_stm32f10x_hd.o(.text)
    ADC1_2_IRQHandler                        0x08000163   Thumb Code     0  startup_stm32f10x_hd.o(.text)
    ADC3_IRQHandler                          0x08000163   Thumb Code     0  startup_stm32f10x_hd.o(.text)
    CAN1_RX1_IRQHandler                      0x08000163   Thumb Code     0  startup_stm32f10x_hd.o(.text)
    CAN1_SCE_IRQHandler                      0x08000163   Thumb Code     0  startup_stm32f10x_hd.o(.text)
    DMA1_Channel1_IRQHandler                 0x08000163   Thumb Code     0  startup_stm32f10x_hd.o(.text)
    DMA1_Channel2_IRQHandler                 0x08000163   Thumb Code     0  startup_stm32f10x_hd.o(.text)
    DMA1_Channel3_IRQHandler                 0x08000163   Thumb Code     0  startup_stm32f10x_hd.o(.text)
    DMA1_Channel4_IRQHandler                 0x08000163   Thumb Code     0  startup_stm32f10x_hd.o(.text)
    DMA1_Channel5_IRQHandler                 0x08000163   Thumb Code     0  startup_stm32f10x_hd.o(.text)
    DMA1_Channel6_IRQHandler                 0x08000163   Thumb Code     0  startup_stm32f10x_hd.o(.text)
    DMA1_Channel7_IRQHandler                 0x08000163   Thumb Code     0  startup_stm32f10x_hd.o(.text)
    DMA2_Channel1_IRQHandler                 0x08000163   Thumb Code     0  startup_stm32f10x_hd.o(.text)
    DMA2_Channel2_IRQHandler                 0x08000163   Thumb Code     0  startup_stm32f10x_hd.o(.text)
    DMA2_Channel3_IRQHandler                 0x08000163   Thumb Code     0  startup_stm32f10x_hd.o(.text)
    DMA2_Channel4_5_IRQHandler               0x08000163   Thumb Code     0  startup_stm32f10x_hd.o(.text)
    EXTI0_IRQHandler                         0x08000163   Thumb Code     0  startup_stm32f10x_hd.o(.text)
    EXTI15_10_IRQHandler                     0x08000163   Thumb Code     0  startup_stm32f10x_hd.o(.text)
    EXTI1_IRQHandler                         0x08000163   Thumb Code     0  startup_stm32f10x_hd.o(.text)
    EXTI2_IRQHandler                         0x08000163   Thumb Code     0  startup_stm32f10x_hd.o(.text)
    EXTI3_IRQHandler                         0x08000163   Thumb Code     0  startup_stm32f10x_hd.o(.text)
    EXTI4_IRQHandler                         0x08000163   Thumb Code     0  startup_stm32f10x_hd.o(.text)
    EXTI9_5_IRQHandler                       0x08000163   Thumb Code     0  startup_stm32f10x_hd.o(.text)
    FLASH_IRQHandler                         0x08000163   Thumb Code     0  startup_stm32f10x_hd.o(.text)
    FSMC_IRQHandler                          0x08000163   Thumb Code     0  startup_stm32f10x_hd.o(.text)
    I2C1_ER_IRQHandler                       0x08000163   Thumb Code     0  startup_stm32f10x_hd.o(.text)
    I2C1_EV_IRQHandler                       0x08000163   Thumb Code     0  startup_stm32f10x_hd.o(.text)
    I2C2_ER_IRQHandler                       0x08000163   Thumb Code     0  startup_stm32f10x_hd.o(.text)
    I2C2_EV_IRQHandler                       0x08000163   Thumb Code     0  startup_stm32f10x_hd.o(.text)
    PVD_IRQHandler                           0x08000163   Thumb Code     0  startup_stm32f10x_hd.o(.text)
    RCC_IRQHandler                           0x08000163   Thumb Code     0  startup_stm32f10x_hd.o(.text)
    RTCAlarm_IRQHandler                      0x08000163   Thumb Code     0  startup_stm32f10x_hd.o(.text)
    RTC_IRQHandler                           0x08000163   Thumb Code     0  startup_stm32f10x_hd.o(.text)
    SDIO_IRQHandler                          0x08000163   Thumb Code     0  startup_stm32f10x_hd.o(.text)
    SPI1_IRQHandler                          0x08000163   Thumb Code     0  startup_stm32f10x_hd.o(.text)
    SPI2_IRQHandler                          0x08000163   Thumb Code     0  startup_stm32f10x_hd.o(.text)
    SPI3_IRQHandler                          0x08000163   Thumb Code     0  startup_stm32f10x_hd.o(.text)
    TAMPER_IRQHandler                        0x08000163   Thumb Code     0  startup_stm32f10x_hd.o(.text)
    TIM1_BRK_IRQHandler                      0x08000163   Thumb Code     0  startup_stm32f10x_hd.o(.text)
    TIM1_CC_IRQHandler                       0x08000163   Thumb Code     0  startup_stm32f10x_hd.o(.text)
    TIM1_TRG_COM_IRQHandler                  0x08000163   Thumb Code     0  startup_stm32f10x_hd.o(.text)
    TIM1_UP_IRQHandler                       0x08000163   Thumb Code     0  startup_stm32f10x_hd.o(.text)
    TIM2_IRQHandler                          0x08000163   Thumb Code     0  startup_stm32f10x_hd.o(.text)
    TIM3_IRQHandler                          0x08000163   Thumb Code     0  startup_stm32f10x_hd.o(.text)
    TIM4_IRQHandler                          0x08000163   Thumb Code     0  startup_stm32f10x_hd.o(.text)
    TIM5_IRQHandler                          0x08000163   Thumb Code     0  startup_stm32f10x_hd.o(.text)
    TIM6_IRQHandler                          0x08000163   Thumb Code     0  startup_stm32f10x_hd.o(.text)
    TIM7_IRQHandler                          0x08000163   Thumb Code     0  startup_stm32f10x_hd.o(.text)
    TIM8_BRK_IRQHandler                      0x08000163   Thumb Code     0  startup_stm32f10x_hd.o(.text)
    TIM8_CC_IRQHandler                       0x08000163   Thumb Code     0  startup_stm32f10x_hd.o(.text)
    TIM8_TRG_COM_IRQHandler                  0x08000163   Thumb Code     0  startup_stm32f10x_hd.o(.text)
    TIM8_UP_IRQHandler                       0x08000163   Thumb Code     0  startup_stm32f10x_hd.o(.text)
    UART4_IRQHandler                         0x08000163   Thumb Code     0  startup_stm32f10x_hd.o(.text)
    UART5_IRQHandler                         0x08000163   Thumb Code     0  startup_stm32f10x_hd.o(.text)
    USART1_IRQHandler                        0x08000163   Thumb Code     0  startup_stm32f10x_hd.o(.text)
    USART2_IRQHandler                        0x08000163   Thumb Code     0  startup_stm32f10x_hd.o(.text)
    USART3_IRQHandler                        0x08000163   Thumb Code     0  startup_stm32f10x_hd.o(.text)
    USBWakeUp_IRQHandler                     0x08000163   Thumb Code     0  startup_stm32f10x_hd.o(.text)
    USB_HP_CAN1_TX_IRQHandler                0x08000163   Thumb Code     0  startup_stm32f10x_hd.o(.text)
    USB_LP_CAN1_RX0_IRQHandler               0x08000163   Thumb Code     0  startup_stm32f10x_hd.o(.text)
    WWDG_IRQHandler                          0x08000163   Thumb Code     0  startup_stm32f10x_hd.o(.text)
    __aeabi_memset                           0x0800016d   Thumb Code    14  memseta.o(.text)
    __aeabi_memset4                          0x0800016d   Thumb Code     0  memseta.o(.text)
    __aeabi_memset8                          0x0800016d   Thumb Code     0  memseta.o(.text)
    __aeabi_memclr                           0x0800017b   Thumb Code     4  memseta.o(.text)
    __aeabi_memclr4                          0x0800017b   Thumb Code     0  memseta.o(.text)
    __aeabi_memclr8                          0x0800017b   Thumb Code     0  memseta.o(.text)
    _memset$wrapper                          0x0800017f   Thumb Code    18  memseta.o(.text)
    strlen                                   0x08000191   Thumb Code    14  strlen.o(.text)
    strtok                                   0x080001a1   Thumb Code    62  strtok.o(.text)
    __aeabi_dadd                             0x080001e5   Thumb Code   322  dadd.o(.text)
    __aeabi_dsub                             0x08000327   Thumb Code     6  dadd.o(.text)
    __aeabi_drsub                            0x0800032d   Thumb Code     6  dadd.o(.text)
    __aeabi_dmul                             0x08000333   Thumb Code   228  dmul.o(.text)
    __aeabi_ddiv                             0x08000417   Thumb Code   222  ddiv.o(.text)
    __aeabi_i2d                              0x080004f5   Thumb Code    34  dflti.o(.text)
    __aeabi_cdrcmple                         0x08000519   Thumb Code    48  cdrcmple.o(.text)
    __aeabi_uidiv                            0x08000549   Thumb Code     0  uidiv.o(.text)
    __aeabi_uidivmod                         0x08000549   Thumb Code    44  uidiv.o(.text)
    __aeabi_uldivmod                         0x08000575   Thumb Code    98  uldiv.o(.text)
    __aeabi_llsl                             0x080005d7   Thumb Code    30  llshl.o(.text)
    _ll_shift_l                              0x080005d7   Thumb Code     0  llshl.o(.text)
    __aeabi_llsr                             0x080005f5   Thumb Code    32  llushr.o(.text)
    _ll_ushift_r                             0x080005f5   Thumb Code     0  llushr.o(.text)
    __aeabi_lasr                             0x08000615   Thumb Code    36  llsshr.o(.text)
    _ll_sshift_r                             0x08000615   Thumb Code     0  llsshr.o(.text)
    __strtod_int                             0x0800066f   Thumb Code    90  strtod.o(.text)
    __I$use$fp                               0x080006d5   Thumb Code     0  iusefp.o(.text)
    _double_round                            0x080006d5   Thumb Code    30  depilogue.o(.text)
    _double_epilogue                         0x080006f3   Thumb Code   156  depilogue.o(.text)
    __aeabi_d2ulz                            0x0800078f   Thumb Code    48  dfixul.o(.text)
    __scatterload                            0x080007c1   Thumb Code    28  init.o(.text)
    __scatterload_rt2                        0x080007c1   Thumb Code     0  init.o(.text)
    isspace                                  0x080007e5   Thumb Code    10  isspace_c.o(.text)
    _scanf_real                              0x08000919   Thumb Code     0  scanf_fp.o(.text)
    _scanf_really_real                       0x08000919   Thumb Code   556  scanf_fp.o(.text)
    _sgetc                                   0x08000b51   Thumb Code    30  _sgetc.o(.text)
    _sbackspace                              0x08000b6f   Thumb Code    34  _sgetc.o(.text)
    __ctype_lookup                           0x08000b91   Thumb Code    34  ctype_c.o(.text)
    __aeabi_ul2d                             0x08000bb9   Thumb Code    24  dfltul.o(.text)
    __aeabi_d2f                              0x08000bd1   Thumb Code    56  d2f.o(.text)
    _float_round                             0x08000c09   Thumb Code    18  fepilogue.o(.text)
    _float_epilogue                          0x08000c1b   Thumb Code    92  fepilogue.o(.text)
    App_Display_ASCII                        0x08000c77   Thumb Code    38  app_display.o(i.App_Display_ASCII)
    App_Display_Back                         0x08000c9d   Thumb Code    56  app_display.o(i.App_Display_Back)
    App_Display_Clean                        0x08000cd5   Thumb Code    36  app_display.o(i.App_Display_Clean)
    App_Display_Init                         0x08000cf9   Thumb Code     8  app_display.o(i.App_Display_Init)
    App_TDS_Init                             0x08000d01   Thumb Code     8  app_tds.o(i.App_TDS_Init)
    App_TDS_Read                             0x08000d09   Thumb Code   174  app_tds.o(i.App_TDS_Read)
    App_Water_Level_Init                     0x08000db7   Thumb Code    16  app_water_level.o(i.App_Water_Level_Init)
    App_Water_Level_calibrate                0x08000dc7   Thumb Code   752  app_water_level.o(i.App_Water_Level_calibrate)
    App_Water_Level_depth                    0x080010b7   Thumb Code    74  app_water_level.o(i.App_Water_Level_depth)
    Debug_init                               0x08001101   Thumb Code    12  debug .o(i.Debug_init)
    Delay_ms                                 0x0800110d   Thumb Code    26  delay.o(i.Delay_ms)
    Delay_s                                  0x08001127   Thumb Code    26  delay.o(i.Delay_s)
    Delay_us                                 0x08001141   Thumb Code    92  delay.o(i.Delay_us)
    Driver_GPIO_Init                         0x0800119d   Thumb Code   162  driver_gpio.o(i.Driver_GPIO_Init)
    Driver_GPIO_key1press                    0x0800123f   Thumb Code    78  driver_gpio.o(i.Driver_GPIO_key1press)
    Driver_IIC_ACK                           0x0800128d   Thumb Code    26  driver_iic.o(i.Driver_IIC_ACK)
    Driver_IIC_Init                          0x080012a7   Thumb Code   206  driver_iic.o(i.Driver_IIC_Init)
    Driver_IIC_NACK                          0x08001375   Thumb Code    26  driver_iic.o(i.Driver_IIC_NACK)
    Driver_IIC_ReceiveData                   0x0800138f   Thumb Code    48  driver_iic.o(i.Driver_IIC_ReceiveData)
    Driver_IIC_SenDADDR                      0x080013bf   Thumb Code    78  driver_iic.o(i.Driver_IIC_SenDADDR)
    Driver_IIC_SendData                      0x0800140d   Thumb Code    80  driver_iic.o(i.Driver_IIC_SendData)
    Driver_IIC_Start                         0x0800145d   Thumb Code    62  driver_iic.o(i.Driver_IIC_Start)
    Driver_IIC_Stop                          0x0800149b   Thumb Code    26  driver_iic.o(i.Driver_IIC_Stop)
    Driver_LCD_FSMC_GPIO_Config              0x080014b5   Thumb Code   454  driver_lcd_fsmc.o(i.Driver_LCD_FSMC_GPIO_Config)
    Driver_LCD_FSMC_Init                     0x0800167b   Thumb Code   188  driver_lcd_fsmc.o(i.Driver_LCD_FSMC_Init)
    Driver_LCD_Init                          0x08001737   Thumb Code    20  driver_lcd.o(i.Driver_LCD_Init)
    Driver_SPI_Init                          0x0800174b   Thumb Code   258  driver_spi.o(i.Driver_SPI_Init)
    Driver_SPI_Start                         0x0800184d   Thumb Code    26  driver_spi.o(i.Driver_SPI_Start)
    Driver_SPI_Stop                          0x08001867   Thumb Code    26  driver_spi.o(i.Driver_SPI_Stop)
    Driver_SPI_Swapbyte                      0x08001881   Thumb Code    66  driver_spi.o(i.Driver_SPI_Swapbyte)
    Driver_USART1_Init                       0x080018c3   Thumb Code   106  driver_usart1.o(i.Driver_USART1_Init)
    Driver_USART1_SendChar                   0x0800192d   Thumb Code    32  driver_usart1.o(i.Driver_USART1_SendChar)
    Driver_USART1_Start                      0x0800194d   Thumb Code    26  driver_usart1.o(i.Driver_USART1_Start)
    INF_W25Q32_Init                          0x08001967   Thumb Code     8  inf_w25q32.o(i.INF_W25Q32_Init)
    INF_W25Q32_PageProgram                   0x0800196f   Thumb Code    80  inf_w25q32.o(i.INF_W25Q32_PageProgram)
    INF_W25Q32_ReadData                      0x080019bf   Thumb Code    74  inf_w25q32.o(i.INF_W25Q32_ReadData)
    INF_W25Q32_SectorErase                   0x08001a09   Thumb Code    54  inf_w25q32.o(i.INF_W25Q32_SectorErase)
    INF_W25Q32_WaitBusy                      0x08001a3f   Thumb Code    34  inf_w25q32.o(i.INF_W25Q32_WaitBusy)
    INF_W25Q32_WriteDisable                  0x08001a61   Thumb Code    18  inf_w25q32.o(i.INF_W25Q32_WriteDisable)
    INF_W25Q32_WriteEnable                   0x08001a73   Thumb Code    18  inf_w25q32.o(i.INF_W25Q32_WriteEnable)
    Inf_ADS1115_Init                         0x08001a85   Thumb Code    66  inf_ads1115.o(i.Inf_ADS1115_Init)
    Inf_ADS1115_ReadV                        0x08001ac7   Thumb Code    72  inf_ads1115.o(i.Inf_ADS1115_ReadV)
    Inf_LCD_BKopen                           0x08001b0f   Thumb Code    26  driver_lcd.o(i.Inf_LCD_BKopen)
    Inf_LCD_Chinese                          0x08001b29   Thumb Code   106  driver_lcd.o(i.Inf_LCD_Chinese)
    Inf_LCD_CleanAll                         0x08001b93   Thumb Code    46  driver_lcd.o(i.Inf_LCD_CleanAll)
    Inf_LCD_FillColor                        0x08001bc1   Thumb Code    30  driver_lcd.o(i.Inf_LCD_FillColor)
    Inf_LCD_Logo                             0x08001bdf   Thumb Code    68  driver_lcd.o(i.Inf_LCD_Logo)
    Inf_LCD_Regconfig                        0x08001c23   Thumb Code   376  driver_lcd.o(i.Inf_LCD_Regconfig)
    Inf_LCD_Reset                            0x08001d9b   Thumb Code    64  driver_lcd.o(i.Inf_LCD_Reset)
    Inf_LCD_SetArea                          0x08001ddb   Thumb Code    88  driver_lcd.o(i.Inf_LCD_SetArea)
    Inf_LCD_WriteASCLLChar                   0x08001e33   Thumb Code   286  driver_lcd.o(i.Inf_LCD_WriteASCLLChar)
    Inf_LCD_WriteASCLLString                 0x08001f51   Thumb Code   104  driver_lcd.o(i.Inf_LCD_WriteASCLLString)
    Inf_LCD_WriteCmd                         0x08001fb9   Thumb Code     8  driver_lcd.o(i.Inf_LCD_WriteCmd)
    Inf_LCD_WriteData                        0x08001fc1   Thumb Code    12  driver_lcd.o(i.Inf_LCD_WriteData)
    Inf_Water_Level_Init                     0x08001fcd   Thumb Code     8  inf_water_level.o(i.Inf_Water_Level_Init)
    Inf_Water_Level_ReadV                    0x08001fd5   Thumb Code   218  inf_water_level.o(i.Inf_Water_Level_ReadV)
    SystemInit                               0x080021d5   Thumb Code   108  system_stm32f10x.o(i.SystemInit)
    __0printf                                0x08002241   Thumb Code    22  printfa.o(i.__0printf)
    __1printf                                0x08002241   Thumb Code     0  printfa.o(i.__0printf)
    __2printf                                0x08002241   Thumb Code     0  printfa.o(i.__0printf)
    __c89printf                              0x08002241   Thumb Code     0  printfa.o(i.__0printf)
    printf                                   0x08002241   Thumb Code     0  printfa.o(i.__0printf)
    __0snprintf                              0x08002261   Thumb Code    48  printfa.o(i.__0snprintf)
    __1snprintf                              0x08002261   Thumb Code     0  printfa.o(i.__0snprintf)
    __2snprintf                              0x08002261   Thumb Code     0  printfa.o(i.__0snprintf)
    __c89snprintf                            0x08002261   Thumb Code     0  printfa.o(i.__0snprintf)
    snprintf                                 0x08002261   Thumb Code     0  printfa.o(i.__0snprintf)
    __0sprintf                               0x08002295   Thumb Code    34  printfa.o(i.__0sprintf)
    __1sprintf                               0x08002295   Thumb Code     0  printfa.o(i.__0sprintf)
    __2sprintf                               0x08002295   Thumb Code     0  printfa.o(i.__0sprintf)
    __c89sprintf                             0x08002295   Thumb Code     0  printfa.o(i.__0sprintf)
    sprintf                                  0x08002295   Thumb Code     0  printfa.o(i.__0sprintf)
    __scatterload_copy                       0x080022bd   Thumb Code    14  handlers.o(i.__scatterload_copy)
    __scatterload_null                       0x080022cb   Thumb Code     2  handlers.o(i.__scatterload_null)
    __scatterload_zeroinit                   0x080022cd   Thumb Code    14  handlers.o(i.__scatterload_zeroinit)
    _is_digit                                0x08002461   Thumb Code    14  scanf_fp.o(i._is_digit)
    fputc                                    0x08002b97   Thumb Code    16  driver_usart1.o(i.fputc)
    main                                     0x08002ba7   Thumb Code   198  main.o(i.main)
    strtod                                   0x08002c6d   Thumb Code    28  strtod.o(i.strtod)
    ASCLL_16_8                               0x08002c88   Data        3040  driver_lcd.o(.constdata)
    ascii_3216                               0x08003868   Data        6080  driver_lcd.o(.constdata)
    ascii_2412                               0x08005028   Data        4560  driver_lcd.o(.constdata)
    chinese                                  0x080061f8   Data         256  driver_lcd.o(.constdata)
    gImage_a                                 0x080062f8   Data       105608  driver_lcd.o(.constdata)
    gImage_b                                 0x0801ff80   Data       84488  driver_lcd.o(.constdata)
    gImage_logo                              0x08034988   Data       29760  driver_lcd.o(.constdata)
    Font_16x16                               0x0803bdc8   Data         192  driver_lcd.o(.constdata)
    __ctype_categories                       0x0803be88   Data          64  ctype_c.o(.constdata)
    Region$$Table$$Base                      0x0803c0c0   Number         0  anon$$obj.o(Region$$Table)
    Region$$Table$$Limit                     0x0803c0e0   Number         0  anon$$obj.o(Region$$Table)
    k                                        0x20000000   Data           8  app_water_level.o(.data)
    b                                        0x20000008   Data           8  app_water_level.o(.data)
    kb_len                                   0x20000010   Data           1  app_water_level.o(.data)
    __stdout                                 0x20000018   Data           4  stdout.o(.data)
    kb_buff                                  0x2000001c   Data         128  app_water_level.o(.bss)
    __initial_sp                             0x200008a0   Data           0  startup_stm32f10x_hd.o(STACK)



==============================================================================

Memory Map of the image

  Image Entry point : 0x08000131

  Load Region LR_IROM1 (Base: 0x08000000, Size: 0x0003c0fc, Max: 0x00080000, ABSOLUTE)

    Execution Region ER_IROM1 (Exec base: 0x08000000, Load base: 0x08000000, Size: 0x0003c0e0, Max: 0x00080000, ABSOLUTE)

    Exec Addr    Load Addr    Size         Type   Attr      Idx    E Section Name        Object

    0x08000000   0x08000000   0x00000130   Data   RO           19    RESET               startup_stm32f10x_hd.o
    0x08000130   0x08000130   0x00000000   Code   RO          745  * .ARM.Collect$$$$00000000  mc_w.l(entry.o)
    0x08000130   0x08000130   0x00000004   Code   RO         1061    .ARM.Collect$$$$00000001  mc_w.l(entry2.o)
    0x08000134   0x08000134   0x00000004   Code   RO         1064    .ARM.Collect$$$$00000004  mc_w.l(entry5.o)
    0x08000138   0x08000138   0x00000000   Code   RO         1066    .ARM.Collect$$$$00000008  mc_w.l(entry7b.o)
    0x08000138   0x08000138   0x00000000   Code   RO         1068    .ARM.Collect$$$$0000000A  mc_w.l(entry8b.o)
    0x08000138   0x08000138   0x00000008   Code   RO         1069    .ARM.Collect$$$$0000000B  mc_w.l(entry9a.o)
    0x08000140   0x08000140   0x00000004   Code   RO         1076    .ARM.Collect$$$$0000000E  mc_w.l(entry12b.o)
    0x08000144   0x08000144   0x00000000   Code   RO         1071    .ARM.Collect$$$$0000000F  mc_w.l(entry10a.o)
    0x08000144   0x08000144   0x00000000   Code   RO         1073    .ARM.Collect$$$$00000011  mc_w.l(entry11a.o)
    0x08000144   0x08000144   0x00000004   Code   RO         1062    .ARM.Collect$$$$00002712  mc_w.l(entry2.o)
    0x08000148   0x08000148   0x00000024   Code   RO           20    .text               startup_stm32f10x_hd.o
    0x0800016c   0x0800016c   0x00000024   Code   RO          748    .text               mc_w.l(memseta.o)
    0x08000190   0x08000190   0x0000000e   Code   RO          750    .text               mc_w.l(strlen.o)
    0x0800019e   0x0800019e   0x00000002   PAD
    0x080001a0   0x080001a0   0x00000044   Code   RO          752    .text               mc_w.l(strtok.o)
    0x080001e4   0x080001e4   0x0000014e   Code   RO         1019    .text               mf_w.l(dadd.o)
    0x08000332   0x08000332   0x000000e4   Code   RO         1021    .text               mf_w.l(dmul.o)
    0x08000416   0x08000416   0x000000de   Code   RO         1023    .text               mf_w.l(ddiv.o)
    0x080004f4   0x080004f4   0x00000022   Code   RO         1025    .text               mf_w.l(dflti.o)
    0x08000516   0x08000516   0x00000002   PAD
    0x08000518   0x08000518   0x00000030   Code   RO         1031    .text               mf_w.l(cdrcmple.o)
    0x08000548   0x08000548   0x0000002c   Code   RO         1078    .text               mc_w.l(uidiv.o)
    0x08000574   0x08000574   0x00000062   Code   RO         1080    .text               mc_w.l(uldiv.o)
    0x080005d6   0x080005d6   0x0000001e   Code   RO         1082    .text               mc_w.l(llshl.o)
    0x080005f4   0x080005f4   0x00000020   Code   RO         1084    .text               mc_w.l(llushr.o)
    0x08000614   0x08000614   0x00000024   Code   RO         1086    .text               mc_w.l(llsshr.o)
    0x08000638   0x08000638   0x0000009c   Code   RO         1095    .text               mc_w.l(strtod.o)
    0x080006d4   0x080006d4   0x00000000   Code   RO         1097    .text               mc_w.l(iusefp.o)
    0x080006d4   0x080006d4   0x000000ba   Code   RO         1098    .text               mf_w.l(depilogue.o)
    0x0800078e   0x0800078e   0x00000030   Code   RO         1100    .text               mf_w.l(dfixul.o)
    0x080007be   0x080007be   0x00000002   PAD
    0x080007c0   0x080007c0   0x00000024   Code   RO         1106    .text               mc_w.l(init.o)
    0x080007e4   0x080007e4   0x0000000a   Code   RO         1108    .text               mc_w.l(isspace_c.o)
    0x080007ee   0x080007ee   0x00000002   PAD
    0x080007f0   0x080007f0   0x00000360   Code   RO         1110    .text               mc_w.l(scanf_fp.o)
    0x08000b50   0x08000b50   0x00000040   Code   RO         1114    .text               mc_w.l(_sgetc.o)
    0x08000b90   0x08000b90   0x00000028   Code   RO         1120    .text               mc_w.l(ctype_c.o)
    0x08000bb8   0x08000bb8   0x00000018   Code   RO         1123    .text               mf_w.l(dfltul.o)
    0x08000bd0   0x08000bd0   0x00000038   Code   RO         1125    .text               mf_w.l(d2f.o)
    0x08000c08   0x08000c08   0x0000006e   Code   RO         1127    .text               mf_w.l(fepilogue.o)
    0x08000c76   0x08000c76   0x00000026   Code   RO          171    i.App_Display_ASCII  app_display.o
    0x08000c9c   0x08000c9c   0x00000038   Code   RO          172    i.App_Display_Back  app_display.o
    0x08000cd4   0x08000cd4   0x00000024   Code   RO          173    i.App_Display_Clean  app_display.o
    0x08000cf8   0x08000cf8   0x00000008   Code   RO          174    i.App_Display_Init  app_display.o
    0x08000d00   0x08000d00   0x00000008   Code   RO          236    i.App_TDS_Init      app_tds.o
    0x08000d08   0x08000d08   0x000000ae   Code   RO          237    i.App_TDS_Read      app_tds.o
    0x08000db6   0x08000db6   0x00000010   Code   RO          204    i.App_Water_Level_Init  app_water_level.o
    0x08000dc6   0x08000dc6   0x000002f0   Code   RO          205    i.App_Water_Level_calibrate  app_water_level.o
    0x080010b6   0x080010b6   0x0000004a   Code   RO          206    i.App_Water_Level_depth  app_water_level.o
    0x08001100   0x08001100   0x0000000c   Code   RO          710    i.Debug_init        debug .o
    0x0800110c   0x0800110c   0x0000001a   Code   RO          144    i.Delay_ms          delay.o
    0x08001126   0x08001126   0x0000001a   Code   RO          145    i.Delay_s           delay.o
    0x08001140   0x08001140   0x0000005c   Code   RO          146    i.Delay_us          delay.o
    0x0800119c   0x0800119c   0x000000a2   Code   RO          599    i.Driver_GPIO_Init  driver_gpio.o
    0x0800123e   0x0800123e   0x0000004e   Code   RO          600    i.Driver_GPIO_key1press  driver_gpio.o
    0x0800128c   0x0800128c   0x0000001a   Code   RO          653    i.Driver_IIC_ACK    driver_iic.o
    0x080012a6   0x080012a6   0x000000ce   Code   RO          654    i.Driver_IIC_Init   driver_iic.o
    0x08001374   0x08001374   0x0000001a   Code   RO          655    i.Driver_IIC_NACK   driver_iic.o
    0x0800138e   0x0800138e   0x00000030   Code   RO          656    i.Driver_IIC_ReceiveData  driver_iic.o
    0x080013be   0x080013be   0x0000004e   Code   RO          657    i.Driver_IIC_SenDADDR  driver_iic.o
    0x0800140c   0x0800140c   0x00000050   Code   RO          658    i.Driver_IIC_SendData  driver_iic.o
    0x0800145c   0x0800145c   0x0000003e   Code   RO          659    i.Driver_IIC_Start  driver_iic.o
    0x0800149a   0x0800149a   0x0000001a   Code   RO          660    i.Driver_IIC_Stop   driver_iic.o
    0x080014b4   0x080014b4   0x000001c6   Code   RO          578    i.Driver_LCD_FSMC_GPIO_Config  driver_lcd_fsmc.o
    0x0800167a   0x0800167a   0x000000bc   Code   RO          579    i.Driver_LCD_FSMC_Init  driver_lcd_fsmc.o
    0x08001736   0x08001736   0x00000014   Code   RO          257    i.Driver_LCD_Init   driver_lcd.o
    0x0800174a   0x0800174a   0x00000102   Code   RO          620    i.Driver_SPI_Init   driver_spi.o
    0x0800184c   0x0800184c   0x0000001a   Code   RO          621    i.Driver_SPI_Start  driver_spi.o
    0x08001866   0x08001866   0x0000001a   Code   RO          622    i.Driver_SPI_Stop   driver_spi.o
    0x08001880   0x08001880   0x00000042   Code   RO          623    i.Driver_SPI_Swapbyte  driver_spi.o
    0x080018c2   0x080018c2   0x0000006a   Code   RO          508    i.Driver_USART1_Init  driver_usart1.o
    0x0800192c   0x0800192c   0x00000020   Code   RO          509    i.Driver_USART1_SendChar  driver_usart1.o
    0x0800194c   0x0800194c   0x0000001a   Code   RO          511    i.Driver_USART1_Start  driver_usart1.o
    0x08001966   0x08001966   0x00000008   Code   RO          430    i.INF_W25Q32_Init   inf_w25q32.o
    0x0800196e   0x0800196e   0x00000050   Code   RO          431    i.INF_W25Q32_PageProgram  inf_w25q32.o
    0x080019be   0x080019be   0x0000004a   Code   RO          432    i.INF_W25Q32_ReadData  inf_w25q32.o
    0x08001a08   0x08001a08   0x00000036   Code   RO          434    i.INF_W25Q32_SectorErase  inf_w25q32.o
    0x08001a3e   0x08001a3e   0x00000022   Code   RO          435    i.INF_W25Q32_WaitBusy  inf_w25q32.o
    0x08001a60   0x08001a60   0x00000012   Code   RO          436    i.INF_W25Q32_WriteDisable  inf_w25q32.o
    0x08001a72   0x08001a72   0x00000012   Code   RO          437    i.INF_W25Q32_WriteEnable  inf_w25q32.o
    0x08001a84   0x08001a84   0x00000042   Code   RO          487    i.Inf_ADS1115_Init  inf_ads1115.o
    0x08001ac6   0x08001ac6   0x00000048   Code   RO          488    i.Inf_ADS1115_ReadV  inf_ads1115.o
    0x08001b0e   0x08001b0e   0x0000001a   Code   RO          259    i.Inf_LCD_BKopen    driver_lcd.o
    0x08001b28   0x08001b28   0x0000006a   Code   RO          260    i.Inf_LCD_Chinese   driver_lcd.o
    0x08001b92   0x08001b92   0x0000002e   Code   RO          261    i.Inf_LCD_CleanAll  driver_lcd.o
    0x08001bc0   0x08001bc0   0x0000001e   Code   RO          266    i.Inf_LCD_FillColor  driver_lcd.o
    0x08001bde   0x08001bde   0x00000044   Code   RO          267    i.Inf_LCD_Logo      driver_lcd.o
    0x08001c22   0x08001c22   0x00000178   Code   RO          271    i.Inf_LCD_Regconfig  driver_lcd.o
    0x08001d9a   0x08001d9a   0x00000040   Code   RO          272    i.Inf_LCD_Reset     driver_lcd.o
    0x08001dda   0x08001dda   0x00000058   Code   RO          273    i.Inf_LCD_SetArea   driver_lcd.o
    0x08001e32   0x08001e32   0x0000011e   Code   RO          274    i.Inf_LCD_WriteASCLLChar  driver_lcd.o
    0x08001f50   0x08001f50   0x00000068   Code   RO          275    i.Inf_LCD_WriteASCLLString  driver_lcd.o
    0x08001fb8   0x08001fb8   0x00000008   Code   RO          277    i.Inf_LCD_WriteCmd  driver_lcd.o
    0x08001fc0   0x08001fc0   0x0000000c   Code   RO          278    i.Inf_LCD_WriteData  driver_lcd.o
    0x08001fcc   0x08001fcc   0x00000008   Code   RO          409    i.Inf_Water_Level_Init  inf_water_level.o
    0x08001fd4   0x08001fd4   0x000000da   Code   RO          410    i.Inf_Water_Level_ReadV  inf_water_level.o
    0x080020ae   0x080020ae   0x00000008   Code   RO           24    i.SetSysClock       system_stm32f10x.o
    0x080020b6   0x080020b6   0x0000011e   Code   RO           25    i.SetSysClockTo72   system_stm32f10x.o
    0x080021d4   0x080021d4   0x0000006c   Code   RO           27    i.SystemInit        system_stm32f10x.o
    0x08002240   0x08002240   0x00000020   Code   RO          991    i.__0printf         mc_w.l(printfa.o)
    0x08002260   0x08002260   0x00000034   Code   RO          992    i.__0snprintf       mc_w.l(printfa.o)
    0x08002294   0x08002294   0x00000028   Code   RO          993    i.__0sprintf        mc_w.l(printfa.o)
    0x080022bc   0x080022bc   0x0000000e   Code   RO         1131    i.__scatterload_copy  mc_w.l(handlers.o)
    0x080022ca   0x080022ca   0x00000002   Code   RO         1132    i.__scatterload_null  mc_w.l(handlers.o)
    0x080022cc   0x080022cc   0x0000000e   Code   RO         1133    i.__scatterload_zeroinit  mc_w.l(handlers.o)
    0x080022da   0x080022da   0x00000002   PAD
    0x080022dc   0x080022dc   0x00000184   Code   RO          998    i._fp_digits        mc_w.l(printfa.o)
    0x08002460   0x08002460   0x0000000e   Code   RO         1112    i._is_digit         mc_w.l(scanf_fp.o)
    0x0800246e   0x0800246e   0x00000002   PAD
    0x08002470   0x08002470   0x000006b4   Code   RO          999    i._printf_core      mc_w.l(printfa.o)
    0x08002b24   0x08002b24   0x00000024   Code   RO         1000    i._printf_post_padding  mc_w.l(printfa.o)
    0x08002b48   0x08002b48   0x0000002e   Code   RO         1001    i._printf_pre_padding  mc_w.l(printfa.o)
    0x08002b76   0x08002b76   0x00000016   Code   RO         1002    i._snputc           mc_w.l(printfa.o)
    0x08002b8c   0x08002b8c   0x0000000a   Code   RO         1003    i._sputc            mc_w.l(printfa.o)
    0x08002b96   0x08002b96   0x00000010   Code   RO          513    i.fputc             driver_usart1.o
    0x08002ba6   0x08002ba6   0x000000c6   Code   RO           65    i.main              main.o
    0x08002c6c   0x08002c6c   0x0000001c   Code   RO          742    i.strtod            m_ws.l(strtod.o)
    0x08002c88   0x08002c88   0x00039200   Data   RO          279    .constdata          driver_lcd.o
    0x0803be88   0x0803be88   0x00000040   Data   RO         1121    .constdata          mc_w.l(ctype_c.o)
    0x0803bec8   0x0803bec8   0x00000080   Data   RO           66    .conststring        main.o
    0x0803bf48   0x0803bf48   0x00000178   Data   RO          208    .conststring        app_water_level.o
    0x0803c0c0   0x0803c0c0   0x00000020   Data   RO         1129    Region$$Table       anon$$obj.o


    Execution Region RW_IRAM1 (Exec base: 0x20000000, Load base: 0x0803c0e0, Size: 0x000008a0, Max: 0x00010000, ABSOLUTE)

    Exec Addr    Load Addr    Size         Type   Attr      Idx    E Section Name        Object

    0x20000000   0x0803c0e0   0x00000011   Data   RW          209    .data               app_water_level.o
    0x20000011   0x0803c0f1   0x00000003   PAD
    0x20000014   0x0803c0f4   0x00000004   Data   RW          753    .data               mc_w.l(strtok.o)
    0x20000018   0x0803c0f8   0x00000004   Data   RW         1077    .data               mc_w.l(stdout.o)
    0x2000001c        -       0x00000080   Zero   RW          207    .bss                app_water_level.o
    0x2000009c   0x0803c0fc   0x00000004   PAD
    0x200000a0        -       0x00000800   Zero   RW           17    STACK               startup_stm32f10x_hd.o


==============================================================================

Image component sizes


      Code (inc. data)   RO Data    RW Data    ZI Data      Debug   Object Name

       138          0          0          0          0       1918   app_display.o
       182          0          0          0          0        942   app_tds.o
       842          0        376         17        128       2332   app_water_level.o
         0          0          0          0          0       4540   core_cm3.o
        12          0          0          0          0        409   debug .o
       144          0          0          0          0       1344   delay.o
       240          0          0          0          0        959   driver_gpio.o
       552          0          0          0          0       4303   driver_iic.o
      1234          0     233984          0          0       9516   driver_lcd.o
       642          0          0          0          0       1057   driver_lcd_fsmc.o
       376          0          0          0          0       1793   driver_spi.o
       180          0          0          0          0       3452   driver_usart1.o
       138          0          0          0          0       1015   inf_ads1115.o
       286          0          0          0          0       3983   inf_w25q32.o
       226          0          0          0          0       1063   inf_water_level.o
       198          0        128          0          0       1279   main.o
        36          8        304          0       2048        760   startup_stm32f10x_hd.o
       402          0          0          0          0       1861   system_stm32f10x.o

    ----------------------------------------------------------------------
      5828          8     234824         20       2180      42526   Object Totals
         0          0         32          0          0          0   (incl. Generated)
         0          0          0          3          4          0   (incl. Padding)

    ----------------------------------------------------------------------

      Code (inc. data)   RO Data    RW Data    ZI Data      Debug   Library Member Name

        28          0          0          0          0         80   strtod.o
        64          0          0          0          0         84   _sgetc.o
        40          6         64          0          0         68   ctype_c.o
         0          0          0          0          0          0   entry.o
         0          0          0          0          0          0   entry10a.o
         0          0          0          0          0          0   entry11a.o
         4          0          0          0          0          0   entry12b.o
         8          4          0          0          0          0   entry2.o
         4          0          0          0          0          0   entry5.o
         0          0          0          0          0          0   entry7b.o
         0          0          0          0          0          0   entry8b.o
         8          4          0          0          0          0   entry9a.o
        30          0          0          0          0          0   handlers.o
        36          8          0          0          0         68   init.o
        10          0          0          0          0         68   isspace_c.o
         0          0          0          0          0          0   iusefp.o
        30          0          0          0          0         68   llshl.o
        36          0          0          0          0         68   llsshr.o
        32          0          0          0          0         68   llushr.o
        36          0          0          0          0        108   memseta.o
      2342        100          0          0          0        772   printfa.o
       878         12          0          0          0        216   scanf_fp.o
         0          0          0          4          0          0   stdout.o
        14          0          0          0          0         68   strlen.o
       156         12          0          0          0        120   strtod.o
        68          6          0          4          0         80   strtok.o
        44          0          0          0          0         80   uidiv.o
        98          0          0          0          0         92   uldiv.o
        48          0          0          0          0         68   cdrcmple.o
        56          0          0          0          0         88   d2f.o
       334          0          0          0          0        148   dadd.o
       222          0          0          0          0        100   ddiv.o
       186          0          0          0          0        176   depilogue.o
        48          0          0          0          0         68   dfixul.o
        34          0          0          0          0         76   dflti.o
        24          0          0          0          0         76   dfltul.o
       228          0          0          0          0         96   dmul.o
       110          0          0          0          0        168   fepilogue.o

    ----------------------------------------------------------------------
      5268        152         64          8          0       3172   Library Totals
        12          0          0          0          0          0   (incl. Padding)

    ----------------------------------------------------------------------

      Code (inc. data)   RO Data    RW Data    ZI Data      Debug   Library Name

        28          0          0          0          0         80   m_ws.l
      3938        152         64          8          0       2028   mc_w.l
      1290          0          0          0          0       1064   mf_w.l

    ----------------------------------------------------------------------
      5268        152         64          8          0       3172   Library Totals

    ----------------------------------------------------------------------

==============================================================================


      Code (inc. data)   RO Data    RW Data    ZI Data      Debug   

     11096        160     234888         28       2180      41118   Grand Totals
     11096        160     234888         28       2180      41118   ELF Image Totals
     11096        160     234888         28          0          0   ROM Totals

==============================================================================

    Total RO  Size (Code + RO Data)               245984 ( 240.22kB)
    Total RW  Size (RW Data + ZI Data)              2208 (   2.16kB)
    Total ROM Size (Code + RO Data + RW Data)     246012 ( 240.25kB)

==============================================================================

